Archive member included to satisfy reference by file (symbol)

C:/ST/STM32CubeIDE_1.6.1/STM32CubeIDE/plugins/com.st.stm32cube.ide.mcu.externaltools.gnu-tools-for-stm32.11.3.rel1.win32_1.1.0.202305231506/tools/bin/../lib/gcc/arm-none-eabi/11.3.1/../../../../arm-none-eabi/lib/thumb/v7e-m+dp/hard\libc_nano.a(libc_a-calloc.o)
                              ./Core/Src/main.o (calloc)
C:/ST/STM32CubeIDE_1.6.1/STM32CubeIDE/plugins/com.st.stm32cube.ide.mcu.externaltools.gnu-tools-for-stm32.11.3.rel1.win32_1.1.0.202305231506/tools/bin/../lib/gcc/arm-none-eabi/11.3.1/../../../../arm-none-eabi/lib/thumb/v7e-m+dp/hard\libc_nano.a(libc_a-callocr.o)
                              C:/ST/STM32CubeIDE_1.6.1/STM32CubeIDE/plugins/com.st.stm32cube.ide.mcu.externaltools.gnu-tools-for-stm32.11.3.rel1.win32_1.1.0.202305231506/tools/bin/../lib/gcc/arm-none-eabi/11.3.1/../../../../arm-none-eabi/lib/thumb/v7e-m+dp/hard\libc_nano.a(libc_a-calloc.o) (_calloc_r)
C:/ST/STM32CubeIDE_1.6.1/STM32CubeIDE/plugins/com.st.stm32cube.ide.mcu.externaltools.gnu-tools-for-stm32.11.3.rel1.win32_1.1.0.202305231506/tools/bin/../lib/gcc/arm-none-eabi/11.3.1/../../../../arm-none-eabi/lib/thumb/v7e-m+dp/hard\libc_nano.a(libc_a-exit.o)
                              C:/ST/STM32CubeIDE_1.6.1/STM32CubeIDE/plugins/com.st.stm32cube.ide.mcu.externaltools.gnu-tools-for-stm32.11.3.rel1.win32_1.1.0.202305231506/tools/bin/../lib/gcc/arm-none-eabi/11.3.1/../../../../arm-none-eabi/lib/thumb/v7e-m+dp/hard/crt0.o (exit)
C:/ST/STM32CubeIDE_1.6.1/STM32CubeIDE/plugins/com.st.stm32cube.ide.mcu.externaltools.gnu-tools-for-stm32.11.3.rel1.win32_1.1.0.202305231506/tools/bin/../lib/gcc/arm-none-eabi/11.3.1/../../../../arm-none-eabi/lib/thumb/v7e-m+dp/hard\libc_nano.a(libc_a-mallocr.o)
                              C:/ST/STM32CubeIDE_1.6.1/STM32CubeIDE/plugins/com.st.stm32cube.ide.mcu.externaltools.gnu-tools-for-stm32.11.3.rel1.win32_1.1.0.202305231506/tools/bin/../lib/gcc/arm-none-eabi/11.3.1/../../../../arm-none-eabi/lib/thumb/v7e-m+dp/hard\libc_nano.a(libc_a-callocr.o) (_malloc_r)
C:/ST/STM32CubeIDE_1.6.1/STM32CubeIDE/plugins/com.st.stm32cube.ide.mcu.externaltools.gnu-tools-for-stm32.11.3.rel1.win32_1.1.0.202305231506/tools/bin/../lib/gcc/arm-none-eabi/11.3.1/../../../../arm-none-eabi/lib/thumb/v7e-m+dp/hard\libc_nano.a(libc_a-mlock.o)
                              C:/ST/STM32CubeIDE_1.6.1/STM32CubeIDE/plugins/com.st.stm32cube.ide.mcu.externaltools.gnu-tools-for-stm32.11.3.rel1.win32_1.1.0.202305231506/tools/bin/../lib/gcc/arm-none-eabi/11.3.1/../../../../arm-none-eabi/lib/thumb/v7e-m+dp/hard\libc_nano.a(libc_a-mallocr.o) (__malloc_lock)
C:/ST/STM32CubeIDE_1.6.1/STM32CubeIDE/plugins/com.st.stm32cube.ide.mcu.externaltools.gnu-tools-for-stm32.11.3.rel1.win32_1.1.0.202305231506/tools/bin/../lib/gcc/arm-none-eabi/11.3.1/../../../../arm-none-eabi/lib/thumb/v7e-m+dp/hard\libc_nano.a(libc_a-findfp.o)
                              ./Middlewares/Third_Party/FreeRTOS/Source/tasks.o (__sf)
C:/ST/STM32CubeIDE_1.6.1/STM32CubeIDE/plugins/com.st.stm32cube.ide.mcu.externaltools.gnu-tools-for-stm32.11.3.rel1.win32_1.1.0.202305231506/tools/bin/../lib/gcc/arm-none-eabi/11.3.1/../../../../arm-none-eabi/lib/thumb/v7e-m+dp/hard\libc_nano.a(libc_a-fwalk.o)
                              C:/ST/STM32CubeIDE_1.6.1/STM32CubeIDE/plugins/com.st.stm32cube.ide.mcu.externaltools.gnu-tools-for-stm32.11.3.rel1.win32_1.1.0.202305231506/tools/bin/../lib/gcc/arm-none-eabi/11.3.1/../../../../arm-none-eabi/lib/thumb/v7e-m+dp/hard\libc_nano.a(libc_a-findfp.o) (_fwalk_sglue)
C:/ST/STM32CubeIDE_1.6.1/STM32CubeIDE/plugins/com.st.stm32cube.ide.mcu.externaltools.gnu-tools-for-stm32.11.3.rel1.win32_1.1.0.202305231506/tools/bin/../lib/gcc/arm-none-eabi/11.3.1/../../../../arm-none-eabi/lib/thumb/v7e-m+dp/hard\libc_nano.a(libc_a-printf.o)
                              ./Core/Src/main.o (printf)
C:/ST/STM32CubeIDE_1.6.1/STM32CubeIDE/plugins/com.st.stm32cube.ide.mcu.externaltools.gnu-tools-for-stm32.11.3.rel1.win32_1.1.0.202305231506/tools/bin/../lib/gcc/arm-none-eabi/11.3.1/../../../../arm-none-eabi/lib/thumb/v7e-m+dp/hard\libc_nano.a(libc_a-puts.o)
                              ./Core/Src/main.o (puts)
C:/ST/STM32CubeIDE_1.6.1/STM32CubeIDE/plugins/com.st.stm32cube.ide.mcu.externaltools.gnu-tools-for-stm32.11.3.rel1.win32_1.1.0.202305231506/tools/bin/../lib/gcc/arm-none-eabi/11.3.1/../../../../arm-none-eabi/lib/thumb/v7e-m+dp/hard\libc_nano.a(libc_a-stdio.o)
                              C:/ST/STM32CubeIDE_1.6.1/STM32CubeIDE/plugins/com.st.stm32cube.ide.mcu.externaltools.gnu-tools-for-stm32.11.3.rel1.win32_1.1.0.202305231506/tools/bin/../lib/gcc/arm-none-eabi/11.3.1/../../../../arm-none-eabi/lib/thumb/v7e-m+dp/hard\libc_nano.a(libc_a-findfp.o) (__sread)
C:/ST/STM32CubeIDE_1.6.1/STM32CubeIDE/plugins/com.st.stm32cube.ide.mcu.externaltools.gnu-tools-for-stm32.11.3.rel1.win32_1.1.0.202305231506/tools/bin/../lib/gcc/arm-none-eabi/11.3.1/../../../../arm-none-eabi/lib/thumb/v7e-m+dp/hard\libc_nano.a(libc_a-wbuf.o)
[...]
Memory Configuration

Name             Origin             Length             Attributes
ITCMRAM          0x0000000000000000 0x0000000000010000 xrw
DTCMRAM          0x0000000020000000 0x0000000000020000 xrw
FLASH            0x0000000008000000 0x0000000000100000 xr
RAM_D1           0x0000000024000000 0x0000000000050000 xrw
RAM_D2           0x0000000030000000 0x0000000000008000 xrw
RAM_D3           0x0000000038000000 0x0000000000004000 xrw
*default*        0x0000000000000000 0xffffffffffffffff

Linker script and memory map

LOAD C:/ST/STM32CubeIDE_1.6.1/STM32CubeIDE/plugins/com.st.stm32cube.ide.mcu.externaltools.gnu-tools-for-stm32.11.3.rel1.win32_1.1.0.202305231506/tools/bin/../lib/gcc/arm-none-eabi/11.3.1/thumb/v7e-m+dp/hard/crti.o
LOAD C:/ST/STM32CubeIDE_1.6.1/STM32CubeIDE/plugins/com.st.stm32cube.ide.mcu.externaltools.gnu-tools-for-stm32.11.3.rel1.win32_1.1.0.202305231506/tools/bin/../lib/gcc/arm-none-eabi/11.3.1/thumb/v7e-m+dp/hard/crtbegin.o
LOAD C:/ST/STM32CubeIDE_1.6.1/STM32CubeIDE/plugins/com.st.stm32cube.ide.mcu.externaltools.gnu-tools-for-stm32.11.3.rel1.win32_1.1.0.202305231506/tools/bin/../lib/gcc/arm-none-eabi/11.3.1/../../../../arm-none-eabi/lib/thumb/v7e-m+dp/hard/crt0.o
LOAD ./Core/Src/freertos.o
LOAD ./Core/Src/main.o
LOAD ./Core/Src/stm32h7xx_hal_msp.o
LOAD ./Core/Src/stm32h7xx_hal_timebase_tim.o
LOAD ./Core/Src/stm32h7xx_it.o
LOAD ./Core/Src/syscalls.o
LOAD ./Core/Src/sysmem.o
LOAD ./Core/Src/system_stm32h7xx.o
LOAD ./Core/Startup/startup_stm32h723zgtx.o
LOAD ./Drivers/STM32H7xx_HAL_Driver/Src/stm32h7xx_hal.o
LOAD ./Drivers/STM32H7xx_HAL_Driver/Src/stm32h7xx_hal_cortex.o
LOAD ./Drivers/STM32H7xx_HAL_Driver/Src/stm32h7xx_hal_dma.o
LOAD ./Drivers/STM32H7xx_HAL_Driver/Src/stm32h7xx_hal_dma_ex.o
LOAD ./Drivers/STM32H7xx_HAL_Driver/Src/stm32h7xx_hal_exti.o
LOAD ./Drivers/STM32H7xx_HAL_Driver/Src/stm32h7xx_hal_flash.o
LOAD ./Drivers/STM32H7xx_HAL_Driver/Src/stm32h7xx_hal_flash_ex.o
LOAD ./Drivers/STM32H7xx_HAL_Driver/Src/stm32h7xx_hal_gpio.o
LOAD ./Drivers/STM32H7xx_HAL_Driver/Src/stm32h7xx_hal_hsem.o
LOAD ./Drivers/STM32H7xx_HAL_Driver/Src/stm32h7xx_hal_i2c.o
LOAD ./Drivers/STM32H7xx_HAL_Driver/Src/stm32h7xx_hal_i2c_ex.o
LOAD ./Drivers/STM32H7xx_HAL_Driver/Src/stm32h7xx_hal_mdma.o
LOAD ./Drivers/STM32H7xx_HAL_Driver/Src/stm32h7xx_hal_pwr.o
LOAD ./Drivers/STM32H7xx_HAL_Driver/Src/stm32h7xx_hal_pwr_ex.o
LOAD ./Drivers/STM32H7xx_HAL_Driver/Src/stm32h7xx_hal_rcc.o
LOAD ./Drivers/STM32H7xx_HAL_Driver/Src/stm32h7xx_hal_rcc_ex.o
LOAD ./Drivers/STM32H7xx_HAL_Driver/Src/stm32h7xx_hal_spi.o
LOAD ./Drivers/STM32H7xx_HAL_Driver/Src/stm32h7xx_hal_spi_ex.o
LOAD ./Drivers/STM32H7xx_HAL_Driver/Src/stm32h7xx_hal_tim.o
LOAD ./Drivers/STM32H7xx_HAL_Driver/Src/stm32h7xx_hal_tim_ex.o
LOAD ./Drivers/STM32H7xx_HAL_Driver/Src/stm32h7xx_hal_uart.o
LOAD ./Drivers/STM32H7xx_HAL_Driver/Src/stm32h7xx_hal_uart_ex.o
LOAD ./Middlewares/Third_Party/FreeRTOS/Source/CMSIS_RTOS_V2/cmsis_os2.o
LOAD ./Middlewares/Third_Party/FreeRTOS/Source/croutine.o
LOAD ./Middlewares/Third_Party/FreeRTOS/Source/event_groups.o
LOAD ./Middlewares/Third_Party/FreeRTOS/Source/list.o
LOAD ./Middlewares/Third_Party/FreeRTOS/Source/queue.o
LOAD ./Middlewares/Third_Party/FreeRTOS/Source/stream_buffer.o
LOAD ./Middlewares/Third_Party/FreeRTOS/Source/tasks.o
LOAD ./Middlewares/Third_Party/FreeRTOS/Source/timers.o
LOAD ./Middlewares/Third_Party/FreeRTOS/Source/portable/GCC/ARM_CM4F/port.o
LOAD ./Middlewares/Third_Party/FreeRTOS/Source/portable/MemMang/heap_4.o
LOAD ./io6Library/Application/loopback/loopback.o
LOAD ./io6Library/Ethernet/W6100/w6100.o
LOAD ./io6Library/Ethernet/socket.o
LOAD ./io6Library/Ethernet/wizchip_conf.o
LOAD ./io6Library/Internet/DHCP4/dhcpv4.o
LOAD ./io6Library/Internet/DHCP6/dhcpv6.o
LOAD ./io6Library/Internet/DNS/dns.o
START GROUP
LOAD C:/ST/STM32CubeIDE_1.6.1/STM32CubeIDE/plugins/com.st.stm32cube.ide.mcu.externaltools.gnu-tools-for-stm32.11.3.rel1.win32_1.1.0.202305231506/tools/bin/../lib/gcc/arm-none-eabi/11.3.1/../../../../arm-none-eabi/lib/thumb/v7e-m+dp/hard\libc_nano.a
LOAD C:/ST/STM32CubeIDE_1.6.1/STM32CubeIDE/plugins/com.st.stm32cube.ide.mcu.externaltools.gnu-tools-for-stm32.11.3.rel1.win32_1.1.0.202305231506/tools/bin/../lib/gcc/arm-none-eabi/11.3.1/../../../../arm-none-eabi/lib/thumb/v7e-m+dp/hard\libm.a
END GROUP
START GROUP
LOAD C:/ST/STM32CubeIDE_1.6.1/STM32CubeIDE/plugins/com.st.stm32cube.ide.mcu.externaltools.gnu-tools-for-stm32.11.3.rel1.win32_1.1.0.202305231506/tools/bin/../lib/gcc/arm-none-eabi/11.3.1/thumb/v7e-m+dp/hard\libgcc.a
LOAD C:/ST/STM32CubeIDE_1.6.1/STM32CubeIDE/plugins/com.st.stm32cube.ide.mcu.externaltools.gnu-tools-for-stm32.11.3.rel1.win32_1.1.0.202305231506/tools/bin/../lib/gcc/arm-none-eabi/11.3.1/../../../../arm-none-eabi/lib/thumb/v7e-m+dp/hard\libc_nano.a
END GROUP
START GROUP
LOAD C:/ST/STM32CubeIDE_1.6.1/STM32CubeIDE/plugins/com.st.stm32cube.ide.mcu.externaltools.gnu-tools-for-stm32.11.3.rel1.win32_1.1.0.202305231506/tools/bin/../lib/gcc/arm-none-eabi/11.3.1/thumb/v7e-m+dp/hard\libgcc.a
LOAD C:/ST/STM32CubeIDE_1.6.1/STM32CubeIDE/plugins/com.st.stm32cube.ide.mcu.externaltools.gnu-tools-for-stm32.11.3.rel1.win32_1.1.0.202305231506/tools/bin/../lib/gcc/arm-none-eabi/11.3.1/../../../../arm-none-eabi/lib/thumb/v7e-m+dp/hard\libc_nano.a
LOAD C:/ST/STM32CubeIDE_1.6.1/STM32CubeIDE/plugins/com.st.stm32cube.ide.mcu.externaltools.gnu-tools-for-stm32.11.3.rel1.win32_1.1.0.202305231506/tools/bin/../lib/gcc/arm-none-eabi/11.3.1/../../../../arm-none-eabi/lib/thumb/v7e-m+dp/hard\libnosys.a
END GROUP
START GROUP
LOAD C:/ST/STM32CubeIDE_1.6.1/STM32CubeIDE/plugins/com.st.stm32cube.ide.mcu.externaltools.gnu-tools-for-stm32.11.3.rel1.win32_1.1.0.202305231506/tools/bin/../lib/gcc/arm-none-eabi/11.3.1/thumb/v7e-m+dp/hard\libgcc.a
LOAD C:/ST/STM32CubeIDE_1.6.1/STM32CubeIDE/plugins/com.st.stm32cube.ide.mcu.externaltools.gnu-tools-for-stm32.11.3.rel1.win32_1.1.0.202305231506/tools/bin/../lib/gcc/arm-none-eabi/11.3.1/../../../../arm-none-eabi/lib/thumb/v7e-m+dp/hard\libc_nano.a
LOAD C:/ST/STM32CubeIDE_1.6.1/STM32CubeIDE/plugins/com.st.stm32cube.ide.mcu.externaltools.gnu-tools-for-stm32.11.3.rel1.win32_1.1.0.202305231506/tools/bin/../lib/gcc/arm-none-eabi/11.3.1/../../../../arm-none-eabi/lib/thumb/v7e-m+dp/hard\libnosys.a
END GROUP
LOAD C:/ST/STM32CubeIDE_1.6.1/STM32CubeIDE/plugins/com.st.stm32cube.ide.mcu.externaltools.gnu-tools-for-stm32.11.3.rel1.win32_1.1.0.202305231506/tools/bin/../lib/gcc/arm-none-eabi/11.3.1/thumb/v7e-m+dp/hard/crtend.o
LOAD C:/ST/STM32CubeIDE_1.6.1/STM32CubeIDE/plugins/com.st.stm32cube.ide.mcu.externaltools.gnu-tools-for-stm32.11.3.rel1.win32_1.1.0.202305231506/tools/bin/../lib/gcc/arm-none-eabi/11.3.1/thumb/v7e-m+dp/hard/crtn.o
                0x0000000024050000                _estack = (ORIGIN (RAM_D1) + LENGTH (RAM_D1))
                0x0000000000000200                _Min_Heap_Size = 0x200
                0x0000000000000400                _Min_Stack_Size = 0x400

.isr_vector     0x0000000008000000      0x2cc
                0x0000000008000000                . = ALIGN (0x4)
 *(.isr_vector)
 .isr_vector    0x0000000008000000      0x2cc ./Core/Startup/startup_stm32h723zgtx.o
                0x0000000008000000                g_pfnVectors
                0x00000000080002cc                . = ALIGN (0x4)

.text           0x00000000080002d0    0x12814
                0x00000000080002d0                . = ALIGN (0x4)
 *(.text)
 .text          0x00000000080002d0       0x40 C:/ST/STM32CubeIDE_1.6.1/STM32CubeIDE/plugins/com.st.stm32cube.ide.mcu.externaltools.gnu-tools-for-stm32.11.3.rel1.win32_1.1.0.202305231506/tools/bin/../lib/gcc/arm-none-eabi/11.3.1/thumb/v7e-m+dp/hard/crtbegin.o
 .text          0x0000000008000310       0xa0 C:/ST/STM32CubeIDE_1.6.1/STM32CubeIDE/plugins/com.st.stm32cube.ide.mcu.externaltools.gnu-tools-for-stm32.11.3.rel1.win32_1.1.0.202305231506/tools/bin/../lib/gcc/arm-none-eabi/11.3.1/../../../../arm-none-eabi/lib/thumb/v7e-m+dp/hard\libc_nano.a(libc_a-memchr.o)
                0x0000000008000310                memchr
 .text          0x00000000080003b0       0x30 C:/ST/STM32CubeIDE_1.6.1/STM32CubeIDE/plugins/com.st.stm32cube.ide.mcu.externaltools.gnu-tools-for-stm32.11.3.rel1.win32_1.1.0.202305231506/tools/bin/../lib/gcc/arm-none-eabi/11.3.1/thumb/v7e-m+dp/hard\libgcc.a(_aeabi_uldivmod.o)
                0x00000000080003b0                __aeabi_uldivmod
 .text          0x00000000080003e0      0x2c8 C:/ST/STM32CubeIDE_1.6.1/STM32CubeIDE/plugins/com.st.stm32cube.ide.mcu.externaltools.gnu-tools-for-stm32.11.3.rel1.win32_1.1.0.202305231506/tools/bin/../lib/gcc/arm-none-eabi/11.3.1/thumb/v7e-m+dp/hard\libgcc.a(_udivmoddi4.o)
                0x00000000080003e0                __udivmoddi4
 .text          0x00000000080006a8        0x4 C:/ST/STM32CubeIDE_1.6.1/STM32CubeIDE/plugins/com.st.stm32cube.ide.mcu.externaltools.gnu-tools-for-stm32.11.3.rel1.win32_1.1.0.202305231506/tools/bin/../lib/gcc/arm-none-eabi/11.3.1/thumb/v7e-m+dp/hard\libgcc.a(_dvmd_tls.o)
                0x00000000080006a8                __aeabi_idiv0
                0x00000000080006a8                __aeabi_ldiv0
 *(.text*)
 .text.vApplicationStackOverflowHook
                0x00000000080006ac       0x16 ./Core/Src/freertos.o
                0x00000000080006ac                vApplicationStackOverflowHook
 *fill*         0x00000000080006c2        0x2 
 .text._write   0x00000000080006c4       0x40 ./Core/Src/main.o
                0x00000000080006c4                _write
 .text.HAL_UART_RxCpltCallback
                0x0000000008000704       0xb0 ./Core/Src/main.o
                0x0000000008000704                HAL_UART_RxCpltCallback
 .text.HAL_SPI_TxRxCpltCallback
                0x00000000080007b4       0x20 ./Core/Src/main.o
                0x00000000080007b4                HAL_SPI_TxRxCpltCallback
 .text.HAL_SPI_TxCpltCallback
                0x00000000080007d4       0x20 ./Core/Src/main.o
                0x00000000080007d4                HAL_SPI_TxCpltCallback
 .text.dma_write_data
                0x00000000080007f4       0x80 ./Core/Src/main.o
                0x00000000080007f4                dma_write_data
 .text.dma_read_data
                0x0000000008000874       0x84 ./Core/Src/main.o
                0x0000000008000874                dma_read_data
 .text.check_break
                0x00000000080008f8       0x34 ./Core/Src/main.o
                0x00000000080008f8                check_break
 .text.TRACE_ON
                0x000000000800092c       0x18 ./Core/Src/main.o
                0x000000000800092c                TRACE_ON
 .text.TRACE_OFF
                0x0000000008000944       0x18 ./Core/Src/main.o
                0x0000000008000944                TRACE_OFF
 .text.main     0x000000000800095c      0x128 ./Core/Src/main.o
                0x000000000800095c                main
 .text.SystemClock_Config
                0x0000000008000a84       0xe0 ./Core/Src/main.o
                0x0000000008000a84                SystemClock_Config
 .text.MX_SPI1_Init
                0x0000000008000b64       0xac ./Core/Src/main.o
 .text.MX_USART3_UART_Init
                0x0000000008000c10       0x98 ./Core/Src/main.o
 .text.MX_DMA_Init
                0x0000000008000ca8       0x50 ./Core/Src/main.o
 .text.MX_GPIO_Init
                0x0000000008000cf8      0x260 ./Core/Src/main.o
 .text.W6100SpiReadByte
                0x0000000008000f58       0x2c ./Core/Src/main.o
                0x0000000008000f58                W6100SpiReadByte
 .text.W6100SpiWriteByte
                0x0000000008000f84       0x28 ./Core/Src/main.o
                0x0000000008000f84                W6100SpiWriteByte
 .text.W6100SpiReadBurst
                0x0000000008000fac       0x54 ./Core/Src/main.o
                0x0000000008000fac                W6100SpiReadBurst
 .text.W6100SpiWriteBurst
                0x0000000008001000       0x54 ./Core/Src/main.o
                0x0000000008001000                W6100SpiWriteBurst
 .text.W6100CsEnable
                0x0000000008001054       0x18 ./Core/Src/main.o
                0x0000000008001054                W6100CsEnable
 .text.W6100CsDisable
                0x000000000800106c       0x18 ./Core/Src/main.o
                0x000000000800106c                W6100CsDisable
 .text.W6100Initialze
                0x0000000008001084       0xb4 ./Core/Src/main.o
                0x0000000008001084                W6100Initialze
 .text.print_network_information
                0x0000000008001138      0x3a8 ./Core/Src/main.o
                0x0000000008001138                print_network_information
 .text.CLI_Process
                0x00000000080014e0      0x110 ./Core/Src/main.o
                0x00000000080014e0                CLI_Process
 .text.Start_W6100_Task
                0x00000000080015f0      0x17c ./Core/Src/main.o
                0x00000000080015f0                Start_W6100_Task
 .text.StartDefaultTask
                0x000000000800176c       0x34 ./Core/Src/main.o
                0x000000000800176c                StartDefaultTask
 .text.HAL_TIM_PeriodElapsedCallback
                0x00000000080017a0       0x24 ./Core/Src/main.o
                0x00000000080017a0                HAL_TIM_PeriodElapsedCallback
 .text.Error_Handler
                0x00000000080017c4        0xa ./Core/Src/main.o
                0x00000000080017c4                Error_Handler
 *fill*         0x00000000080017ce        0x2 
 .text.HAL_MspInit
                0x00000000080017d0       0x3c ./Core/Src/stm32h7xx_hal_msp.o
                0x00000000080017d0                HAL_MspInit
 .text.HAL_SPI_MspInit
                0x000000000800180c      0x214 ./Core/Src/stm32h7xx_hal_msp.o
                0x000000000800180c                HAL_SPI_MspInit
 .text.HAL_UART_MspInit
                0x0000000008001a20       0xe4 ./Core/Src/stm32h7xx_hal_msp.o
                0x0000000008001a20                HAL_UART_MspInit
 .text.HAL_InitTick
                0x0000000008001b04       0xd8 ./Core/Src/stm32h7xx_hal_timebase_tim.o
                0x0000000008001b04                HAL_InitTick
 .text.NMI_Handler
                0x0000000008001bdc        0x6 ./Core/Src/stm32h7xx_it.o
                0x0000000008001bdc                NMI_Handler
 .text.HardFault_Handler
                0x0000000008001be2        0x6 ./Core/Src/stm32h7xx_it.o
                0x0000000008001be2                HardFault_Handler
 .text.MemManage_Handler
                0x0000000008001be8        0x6 ./Core/Src/stm32h7xx_it.o
                0x0000000008001be8                MemManage_Handler
 .text.BusFault_Handler
                0x0000000008001bee        0x6 ./Core/Src/stm32h7xx_it.o
                0x0000000008001bee                BusFault_Handler
 .text.UsageFault_Handler
                0x0000000008001bf4        0x6 ./Core/Src/stm32h7xx_it.o
                0x0000000008001bf4                UsageFault_Handler
 .text.DebugMon_Handler
                0x0000000008001bfa        0xe ./Core/Src/stm32h7xx_it.o
                0x0000000008001bfa                DebugMon_Handler
 .text.DMA1_Stream0_IRQHandler
                0x0000000008001c08       0x14 ./Core/Src/stm32h7xx_it.o
                0x0000000008001c08                DMA1_Stream0_IRQHandler
 .text.DMA1_Stream1_IRQHandler
                0x0000000008001c1c       0x14 ./Core/Src/stm32h7xx_it.o
                0x0000000008001c1c                DMA1_Stream1_IRQHandler
 .text.SPI1_IRQHandler
                0x0000000008001c30       0x14 ./Core/Src/stm32h7xx_it.o
                0x0000000008001c30                SPI1_IRQHandler
 .text.USART3_IRQHandler
                0x0000000008001c44       0x14 ./Core/Src/stm32h7xx_it.o
                0x0000000008001c44                USART3_IRQHandler
 .text.TIM6_DAC_IRQHandler
                0x0000000008001c58       0x14 ./Core/Src/stm32h7xx_it.o
                0x0000000008001c58                TIM6_DAC_IRQHandler
 .text._read    0x0000000008001c6c       0x3a ./Core/Src/syscalls.o
                0x0000000008001c6c                _read
 .text._close   0x0000000008001ca6       0x18 ./Core/Src/syscalls.o
                0x0000000008001ca6                _close
 .text._fstat   0x0000000008001cbe       0x20 ./Core/Src/syscalls.o
                0x0000000008001cbe                _fstat
 .text._isatty  0x0000000008001cde       0x16 ./Core/Src/syscalls.o
                0x0000000008001cde                _isatty
 .text._lseek   0x0000000008001cf4       0x1a ./Core/Src/syscalls.o
                0x0000000008001cf4                _lseek
 *fill*         0x0000000008001d0e        0x2 
 .text._sbrk    0x0000000008001d10       0x6c ./Core/Src/sysmem.o
                0x0000000008001d10                _sbrk
 .text.SystemInit
                0x0000000008001d7c       0xf0 ./Core/Src/system_stm32h7xx.o
                0x0000000008001d7c                SystemInit
 .text.Reset_Handler
                0x0000000008001e6c       0x50 ./Core/Startup/startup_stm32h723zgtx.o
                0x0000000008001e6c                Reset_Handler
 .text.Default_Handler
                0x0000000008001ebc        0x2 ./Core/Startup/startup_stm32h723zgtx.o
                0x0000000008001ebc                RTC_Alarm_IRQHandler
                0x0000000008001ebc                EXTI2_IRQHandler
                0x0000000008001ebc                TIM8_CC_IRQHandler
                0x0000000008001ebc                UART8_IRQHandler
                0x0000000008001ebc                SPI4_IRQHandler
                0x0000000008001ebc                FDCAN3_IT0_IRQHandler
                0x0000000008001ebc                TIM1_CC_IRQHandler
                0x0000000008001ebc                BDMA_Channel6_IRQHandler
                0x0000000008001ebc                DMA2_Stream5_IRQHandler
                0x0000000008001ebc                DMA1_Stream5_IRQHandler
                0x0000000008001ebc                CORDIC_IRQHandler
                0x0000000008001ebc                BDMA_Channel1_IRQHandler
                0x0000000008001ebc                TAMP_STAMP_IRQHandler
                0x0000000008001ebc                EXTI3_IRQHandler
                0x0000000008001ebc                LPTIM4_IRQHandler
                0x0000000008001ebc                TIM8_TRG_COM_TIM14_IRQHandler
                0x0000000008001ebc                LPTIM2_IRQHandler
                0x0000000008001ebc                DFSDM1_FLT1_IRQHandler
                0x0000000008001ebc                DMAMUX2_OVR_IRQHandler
                0x0000000008001ebc                TIM8_UP_TIM13_IRQHandler
                0x0000000008001ebc                I2C3_ER_IRQHandler
                0x0000000008001ebc                DFSDM1_FLT2_IRQHandler
                0x0000000008001ebc                I2C5_EV_IRQHandler
                0x0000000008001ebc                USART10_IRQHandler
                0x0000000008001ebc                MDMA_IRQHandler
                0x0000000008001ebc                LPTIM3_IRQHandler
                0x0000000008001ebc                HSEM1_IRQHandler
                0x0000000008001ebc                EXTI0_IRQHandler
                0x0000000008001ebc                I2C2_EV_IRQHandler
                0x0000000008001ebc                DMA1_Stream2_IRQHandler
                0x0000000008001ebc                FPU_IRQHandler
                0x0000000008001ebc                OTG_HS_WKUP_IRQHandler
                0x0000000008001ebc                FDCAN1_IT1_IRQHandler
                0x0000000008001ebc                LTDC_ER_IRQHandler
                0x0000000008001ebc                DMA2_Stream2_IRQHandler
                0x0000000008001ebc                OCTOSPI1_IRQHandler
                0x0000000008001ebc                DMA2_Stream3_IRQHandler
                0x0000000008001ebc                OCTOSPI2_IRQHandler
                0x0000000008001ebc                DFSDM1_FLT3_IRQHandler
                0x0000000008001ebc                TIM23_IRQHandler
                0x0000000008001ebc                USART6_IRQHandler
                0x0000000008001ebc                TIM17_IRQHandler
                0x0000000008001ebc                BDMA_Channel7_IRQHandler
                0x0000000008001ebc                LPTIM5_IRQHandler
                0x0000000008001ebc                UART5_IRQHandler
                0x0000000008001ebc                ADC3_IRQHandler
                0x0000000008001ebc                DMA2_Stream0_IRQHandler
                0x0000000008001ebc                TIM4_IRQHandler
                0x0000000008001ebc                BDMA_Channel2_IRQHandler
                0x0000000008001ebc                I2C1_EV_IRQHandler
                0x0000000008001ebc                DMA1_Stream6_IRQHandler
                0x0000000008001ebc                DMAMUX1_OVR_IRQHandler
                0x0000000008001ebc                TIM16_IRQHandler
                0x0000000008001ebc                UART4_IRQHandler
                0x0000000008001ebc                BDMA_Channel5_IRQHandler
                0x0000000008001ebc                TIM3_IRQHandler
                0x0000000008001ebc                RCC_IRQHandler
                0x0000000008001ebc                UART9_IRQHandler
                0x0000000008001ebc                TIM8_BRK_TIM12_IRQHandler
                0x0000000008001ebc                TIM1_TRG_COM_IRQHandler
                0x0000000008001ebc                Default_Handler
                0x0000000008001ebc                ECC_IRQHandler
                0x0000000008001ebc                FMAC_IRQHandler
                0x0000000008001ebc                CEC_IRQHandler
                0x0000000008001ebc                EXTI15_10_IRQHandler
                0x0000000008001ebc                BDMA_Channel0_IRQHandler
                0x0000000008001ebc                ADC_IRQHandler
                0x0000000008001ebc                I2C5_ER_IRQHandler
                0x0000000008001ebc                DMA1_Stream7_IRQHandler
                0x0000000008001ebc                SPI5_IRQHandler
                0x0000000008001ebc                TIM7_IRQHandler
                0x0000000008001ebc                FDCAN3_IT1_IRQHandler
                0x0000000008001ebc                SDMMC1_IRQHandler
                0x0000000008001ebc                TIM5_IRQHandler
                0x0000000008001ebc                DMA2_Stream7_IRQHandler
                0x0000000008001ebc                TIM15_IRQHandler
                0x0000000008001ebc                PVD_AVD_IRQHandler
                0x0000000008001ebc                I2C3_EV_IRQHandler
                0x0000000008001ebc                EXTI9_5_IRQHandler
                0x0000000008001ebc                RTC_WKUP_IRQHandler
                0x0000000008001ebc                LTDC_IRQHandler
                0x0000000008001ebc                ETH_WKUP_IRQHandler
                0x0000000008001ebc                SPDIF_RX_IRQHandler
                0x0000000008001ebc                SPI2_IRQHandler
                0x0000000008001ebc                OTG_HS_EP1_IN_IRQHandler
                0x0000000008001ebc                TIM24_IRQHandler
                0x0000000008001ebc                CRS_IRQHandler
                0x0000000008001ebc                EXTI4_IRQHandler
                0x0000000008001ebc                RNG_IRQHandler
                0x0000000008001ebc                FDCAN2_IT1_IRQHandler
                0x0000000008001ebc                ETH_IRQHandler
                0x0000000008001ebc                TIM1_UP_IRQHandler
                0x0000000008001ebc                BDMA_Channel4_IRQHandler
                0x0000000008001ebc                OTG_HS_EP1_OUT_IRQHandler
                0x0000000008001ebc                WWDG_IRQHandler
                0x0000000008001ebc                SPI6_IRQHandler
                0x0000000008001ebc                MDIOS_IRQHandler
                0x0000000008001ebc                I2C4_EV_IRQHandler
                0x0000000008001ebc                FDCAN2_IT0_IRQHandler
                0x0000000008001ebc                LPUART1_IRQHandler
                0x0000000008001ebc                FDCAN1_IT0_IRQHandler
                0x0000000008001ebc                TIM2_IRQHandler
                0x0000000008001ebc                OTG_HS_IRQHandler
                0x0000000008001ebc                DMA2D_IRQHandler
                0x0000000008001ebc                TIM1_BRK_IRQHandler
                0x0000000008001ebc                EXTI1_IRQHandler
                0x0000000008001ebc                SDMMC2_IRQHandler
                0x0000000008001ebc                BDMA_Channel3_IRQHandler
                0x0000000008001ebc                DTS_IRQHandler
                0x0000000008001ebc                UART7_IRQHandler
                0x0000000008001ebc                MDIOS_WKUP_IRQHandler
                0x0000000008001ebc                USART2_IRQHandler
                0x0000000008001ebc                DFSDM1_FLT0_IRQHandler
                0x0000000008001ebc                SAI4_IRQHandler
                0x0000000008001ebc                I2C2_ER_IRQHandler
                0x0000000008001ebc                DMA2_Stream1_IRQHandler
                0x0000000008001ebc                FLASH_IRQHandler
                0x0000000008001ebc                DMA2_Stream4_IRQHandler
                0x0000000008001ebc                USART1_IRQHandler
                0x0000000008001ebc                SPI3_IRQHandler
                0x0000000008001ebc                WAKEUP_PIN_IRQHandler
                0x0000000008001ebc                DMA1_Stream4_IRQHandler
                0x0000000008001ebc                I2C1_ER_IRQHandler
                0x0000000008001ebc                FMC_IRQHandler
                0x0000000008001ebc                FDCAN_CAL_IRQHandler
                0x0000000008001ebc                SWPMI1_IRQHandler
                0x0000000008001ebc                COMP1_IRQHandler
                0x0000000008001ebc                LPTIM1_IRQHandler
                0x0000000008001ebc                DCMI_PSSI_IRQHandler
                0x0000000008001ebc                I2C4_ER_IRQHandler
                0x0000000008001ebc                DMA2_Stream6_IRQHandler
                0x0000000008001ebc                SAI1_IRQHandler
                0x0000000008001ebc                DMA1_Stream3_IRQHandler
 *fill*         0x0000000008001ebe        0x2 
 .text.HAL_Init
                0x0000000008001ec0       0x78 ./Drivers/STM32H7xx_HAL_Driver/Src/stm32h7xx_hal.o
                0x0000000008001ec0                HAL_Init
 .text.HAL_IncTick
                0x0000000008001f38       0x28 ./Drivers/STM32H7xx_HAL_Driver/Src/stm32h7xx_hal.o
                0x0000000008001f38                HAL_IncTick
 .text.HAL_GetTick
                0x0000000008001f60       0x18 ./Drivers/STM32H7xx_HAL_Driver/Src/stm32h7xx_hal.o
                0x0000000008001f60                HAL_GetTick
 .text.__NVIC_SetPriorityGrouping
                0x0000000008001f78       0x48 ./Drivers/STM32H7xx_HAL_Driver/Src/stm32h7xx_hal_cortex.o
 .text.__NVIC_GetPriorityGrouping
                0x0000000008001fc0       0x1c ./Drivers/STM32H7xx_HAL_Driver/Src/stm32h7xx_hal_cortex.o
 .text.__NVIC_EnableIRQ
                0x0000000008001fdc       0x3c ./Drivers/STM32H7xx_HAL_Driver/Src/stm32h7xx_hal_cortex.o
 .text.__NVIC_SetPriority
                0x0000000008002018       0x54 ./Drivers/STM32H7xx_HAL_Driver/Src/stm32h7xx_hal_cortex.o
 .text.NVIC_EncodePriority
                0x000000000800206c       0x66 ./Drivers/STM32H7xx_HAL_Driver/Src/stm32h7xx_hal_cortex.o
 .text.HAL_NVIC_SetPriorityGrouping
                0x00000000080020d2       0x16 ./Drivers/STM32H7xx_HAL_Driver/Src/stm32h7xx_hal_cortex.o
                0x00000000080020d2                HAL_NVIC_SetPriorityGrouping
 .text.HAL_NVIC_SetPriority
                0x00000000080020e8       0x34 ./Drivers/STM32H7xx_HAL_Driver/Src/stm32h7xx_hal_cortex.o
                0x00000000080020e8                HAL_NVIC_SetPriority
 .text.HAL_NVIC_EnableIRQ
                0x000000000800211c       0x1c ./Drivers/STM32H7xx_HAL_Driver/Src/stm32h7xx_hal_cortex.o
                0x000000000800211c                HAL_NVIC_EnableIRQ
 .text.HAL_DMA_Init
                0x0000000008002138      0x6b0 ./Drivers/STM32H7xx_HAL_Driver/Src/stm32h7xx_hal_dma.o
                0x0000000008002138                HAL_DMA_Init
 .text.HAL_DMA_Start_IT
                0x00000000080027e8      0x4d4 ./Drivers/STM32H7xx_HAL_Driver/Src/stm32h7xx_hal_dma.o
                0x00000000080027e8                HAL_DMA_Start_IT
 .text.HAL_DMA_Abort
                0x0000000008002cbc      0x63c ./Drivers/STM32H7xx_HAL_Driver/Src/stm32h7xx_hal_dma.o
                0x0000000008002cbc                HAL_DMA_Abort
 .text.HAL_DMA_Abort_IT
                0x00000000080032f8      0x48c ./Drivers/STM32H7xx_HAL_Driver/Src/stm32h7xx_hal_dma.o
                0x00000000080032f8                HAL_DMA_Abort_IT
 .text.HAL_DMA_IRQHandler
                0x0000000008003784      0xe54 ./Drivers/STM32H7xx_HAL_Driver/Src/stm32h7xx_hal_dma.o
                0x0000000008003784                HAL_DMA_IRQHandler
 .text.HAL_DMA_GetError
                0x00000000080045d8       0x18 ./Drivers/STM32H7xx_HAL_Driver/Src/stm32h7xx_hal_dma.o
                0x00000000080045d8                HAL_DMA_GetError
 .text.DMA_SetConfig
                0x00000000080045f0      0x358 ./Drivers/STM32H7xx_HAL_Driver/Src/stm32h7xx_hal_dma.o
 .text.DMA_CalcBaseAndBitshift
                0x0000000008004948      0x164 ./Drivers/STM32H7xx_HAL_Driver/Src/stm32h7xx_hal_dma.o
 .text.DMA_CheckFifoParam
                0x0000000008004aac       0xf8 ./Drivers/STM32H7xx_HAL_Driver/Src/stm32h7xx_hal_dma.o
 .text.DMA_CalcDMAMUXChannelBaseAndMask
                0x0000000008004ba4      0x134 ./Drivers/STM32H7xx_HAL_Driver/Src/stm32h7xx_hal_dma.o
 .text.DMA_CalcDMAMUXRequestGenBaseAndMask
                0x0000000008004cd8       0xe8 ./Drivers/STM32H7xx_HAL_Driver/Src/stm32h7xx_hal_dma.o
 .text.HAL_GPIO_Init
                0x0000000008004dc0      0x350 ./Drivers/STM32H7xx_HAL_Driver/Src/stm32h7xx_hal_gpio.o
                0x0000000008004dc0                HAL_GPIO_Init
 .text.HAL_GPIO_WritePin
                0x0000000008005110       0x32 ./Drivers/STM32H7xx_HAL_Driver/Src/stm32h7xx_hal_gpio.o
                0x0000000008005110                HAL_GPIO_WritePin
 *fill*         0x0000000008005142        0x2 
 .text.HAL_PWREx_ConfigSupply
                0x0000000008005144       0x74 ./Drivers/STM32H7xx_HAL_Driver/Src/stm32h7xx_hal_pwr_ex.o
                0x0000000008005144                HAL_PWREx_ConfigSupply
 .text.HAL_RCC_OscConfig
                0x00000000080051b8      0x7b4 ./Drivers/STM32H7xx_HAL_Driver/Src/stm32h7xx_hal_rcc.o
                0x00000000080051b8                HAL_RCC_OscConfig
 .text.HAL_RCC_ClockConfig
                0x000000000800596c      0x36c ./Drivers/STM32H7xx_HAL_Driver/Src/stm32h7xx_hal_rcc.o
                0x000000000800596c                HAL_RCC_ClockConfig
 .text.HAL_RCC_GetSysClockFreq
                0x0000000008005cd8      0x2f4 ./Drivers/STM32H7xx_HAL_Driver/Src/stm32h7xx_hal_rcc.o
                0x0000000008005cd8                HAL_RCC_GetSysClockFreq
 .text.HAL_RCC_GetHCLKFreq
                0x0000000008005fcc       0x60 ./Drivers/STM32H7xx_HAL_Driver/Src/stm32h7xx_hal_rcc.o
                0x0000000008005fcc                HAL_RCC_GetHCLKFreq
 .text.HAL_RCC_GetPCLK1Freq
                0x000000000800602c       0x2c ./Drivers/STM32H7xx_HAL_Driver/Src/stm32h7xx_hal_rcc.o
                0x000000000800602c                HAL_RCC_GetPCLK1Freq
 .text.HAL_RCC_GetPCLK2Freq
                0x0000000008006058       0x2c ./Drivers/STM32H7xx_HAL_Driver/Src/stm32h7xx_hal_rcc.o
                0x0000000008006058                HAL_RCC_GetPCLK2Freq
 .text.HAL_RCC_GetClockConfig
                0x0000000008006084       0x84 ./Drivers/STM32H7xx_HAL_Driver/Src/stm32h7xx_hal_rcc.o
                0x0000000008006084                HAL_RCC_GetClockConfig
 .text.HAL_RCCEx_PeriphCLKConfig
                0x0000000008006108     0x1340 ./Drivers/STM32H7xx_HAL_Driver/Src/stm32h7xx_hal_rcc_ex.o
                0x0000000008006108                HAL_RCCEx_PeriphCLKConfig
 .text.HAL_RCCEx_GetD3PCLK1Freq
                0x0000000008007448       0x2c ./Drivers/STM32H7xx_HAL_Driver/Src/stm32h7xx_hal_rcc_ex.o
                0x0000000008007448                HAL_RCCEx_GetD3PCLK1Freq
 .text.HAL_RCCEx_GetPLL2ClockFreq
                0x0000000008007474      0x2a8 ./Drivers/STM32H7xx_HAL_Driver/Src/stm32h7xx_hal_rcc_ex.o
                0x0000000008007474                HAL_RCCEx_GetPLL2ClockFreq
 .text.HAL_RCCEx_GetPLL3ClockFreq
                0x000000000800771c      0x2a8 ./Drivers/STM32H7xx_HAL_Driver/Src/stm32h7xx_hal_rcc_ex.o
                0x000000000800771c                HAL_RCCEx_GetPLL3ClockFreq
 .text.RCCEx_PLL2_Config
                0x00000000080079c4      0x164 ./Drivers/STM32H7xx_HAL_Driver/Src/stm32h7xx_hal_rcc_ex.o
 .text.RCCEx_PLL3_Config
                0x0000000008007b28      0x164 ./Drivers/STM32H7xx_HAL_Driver/Src/stm32h7xx_hal_rcc_ex.o
 .text.HAL_SPI_Init
                0x0000000008007c8c      0x248 ./Drivers/STM32H7xx_HAL_Driver/Src/stm32h7xx_hal_spi.o
                0x0000000008007c8c                HAL_SPI_Init
 .text.HAL_SPI_TransmitReceive
                0x0000000008007ed4      0x438 ./Drivers/STM32H7xx_HAL_Driver/Src/stm32h7xx_hal_spi.o
                0x0000000008007ed4                HAL_SPI_TransmitReceive
 .text.HAL_SPI_Transmit_DMA
                0x000000000800830c      0x2a8 ./Drivers/STM32H7xx_HAL_Driver/Src/stm32h7xx_hal_spi.o
                0x000000000800830c                HAL_SPI_Transmit_DMA
 .text.HAL_SPI_TransmitReceive_DMA
                0x00000000080085b4      0x36c ./Drivers/STM32H7xx_HAL_Driver/Src/stm32h7xx_hal_spi.o
                0x00000000080085b4                HAL_SPI_TransmitReceive_DMA
 .text.HAL_SPI_IRQHandler
                0x0000000008008920      0x39c ./Drivers/STM32H7xx_HAL_Driver/Src/stm32h7xx_hal_spi.o
                0x0000000008008920                HAL_SPI_IRQHandler
 .text.HAL_SPI_RxCpltCallback
                0x0000000008008cbc       0x14 ./Drivers/STM32H7xx_HAL_Driver/Src/stm32h7xx_hal_spi.o
                0x0000000008008cbc                HAL_SPI_RxCpltCallback
 .text.HAL_SPI_TxHalfCpltCallback
                0x0000000008008cd0       0x14 ./Drivers/STM32H7xx_HAL_Driver/Src/stm32h7xx_hal_spi.o
                0x0000000008008cd0                HAL_SPI_TxHalfCpltCallback
 .text.HAL_SPI_TxRxHalfCpltCallback
                0x0000000008008ce4       0x14 ./Drivers/STM32H7xx_HAL_Driver/Src/stm32h7xx_hal_spi.o
                0x0000000008008ce4                HAL_SPI_TxRxHalfCpltCallback
 .text.HAL_SPI_ErrorCallback
                0x0000000008008cf8       0x14 ./Drivers/STM32H7xx_HAL_Driver/Src/stm32h7xx_hal_spi.o
                0x0000000008008cf8                HAL_SPI_ErrorCallback
 .text.HAL_SPI_SuspendCallback
                0x0000000008008d0c       0x14 ./Drivers/STM32H7xx_HAL_Driver/Src/stm32h7xx_hal_spi.o
                0x0000000008008d0c                HAL_SPI_SuspendCallback
 .text.SPI_DMATransmitCplt
                0x0000000008008d20       0x46 ./Drivers/STM32H7xx_HAL_Driver/Src/stm32h7xx_hal_spi.o
 .text.SPI_DMATransmitReceiveCplt
                0x0000000008008d66       0x46 ./Drivers/STM32H7xx_HAL_Driver/Src/stm32h7xx_hal_spi.o
 .text.SPI_DMAHalfTransmitCplt
                0x0000000008008dac       0x1c ./Drivers/STM32H7xx_HAL_Driver/Src/stm32h7xx_hal_spi.o
 .text.SPI_DMAHalfTransmitReceiveCplt
                0x0000000008008dc8       0x1c ./Drivers/STM32H7xx_HAL_Driver/Src/stm32h7xx_hal_spi.o
 .text.SPI_DMAError
                0x0000000008008de4       0x46 ./Drivers/STM32H7xx_HAL_Driver/Src/stm32h7xx_hal_spi.o
 .text.SPI_DMAAbortOnError
                0x0000000008008e2a       0x34 ./Drivers/STM32H7xx_HAL_Driver/Src/stm32h7xx_hal_spi.o
 *fill*         0x0000000008008e5e        0x2 
 .text.SPI_CloseTransfer
                0x0000000008008e60      0x140 ./Drivers/STM32H7xx_HAL_Driver/Src/stm32h7xx_hal_spi.o
 .text.SPI_WaitOnFlagUntilTimeout
                0x0000000008008fa0       0x5c ./Drivers/STM32H7xx_HAL_Driver/Src/stm32h7xx_hal_spi.o
 .text.SPI_GetPacketSize
                0x0000000008008ffc       0x36 ./Drivers/STM32H7xx_HAL_Driver/Src/stm32h7xx_hal_spi.o
 .text.HAL_TIM_Base_Init
                0x0000000008009032       0xae ./Drivers/STM32H7xx_HAL_Driver/Src/stm32h7xx_hal_tim.o
                0x0000000008009032                HAL_TIM_Base_Init
 .text.HAL_TIM_Base_MspInit
                0x00000000080090e0       0x14 ./Drivers/STM32H7xx_HAL_Driver/Src/stm32h7xx_hal_tim.o
                0x00000000080090e0                HAL_TIM_Base_MspInit
 .text.HAL_TIM_Base_Start_IT
                0x00000000080090f4      0x10c ./Drivers/STM32H7xx_HAL_Driver/Src/stm32h7xx_hal_tim.o
                0x00000000080090f4                HAL_TIM_Base_Start_IT
 .text.HAL_TIM_IRQHandler
                0x0000000008009200      0x23e ./Drivers/STM32H7xx_HAL_Driver/Src/stm32h7xx_hal_tim.o
                0x0000000008009200                HAL_TIM_IRQHandler
 .text.HAL_TIM_OC_DelayElapsedCallback
                0x000000000800943e       0x14 ./Drivers/STM32H7xx_HAL_Driver/Src/stm32h7xx_hal_tim.o
                0x000000000800943e                HAL_TIM_OC_DelayElapsedCallback
 .text.HAL_TIM_IC_CaptureCallback
                0x0000000008009452       0x14 ./Drivers/STM32H7xx_HAL_Driver/Src/stm32h7xx_hal_tim.o
                0x0000000008009452                HAL_TIM_IC_CaptureCallback
 .text.HAL_TIM_PWM_PulseFinishedCallback
                0x0000000008009466       0x14 ./Drivers/STM32H7xx_HAL_Driver/Src/stm32h7xx_hal_tim.o
                0x0000000008009466                HAL_TIM_PWM_PulseFinishedCallback
 .text.HAL_TIM_TriggerCallback
                0x000000000800947a       0x14 ./Drivers/STM32H7xx_HAL_Driver/Src/stm32h7xx_hal_tim.o
                0x000000000800947a                HAL_TIM_TriggerCallback
 *fill*         0x000000000800948e        0x2 
 .text.TIM_Base_SetConfig
                0x0000000008009490      0x14c ./Drivers/STM32H7xx_HAL_Driver/Src/stm32h7xx_hal_tim.o
                0x0000000008009490                TIM_Base_SetConfig
 .text.HAL_TIMEx_CommutCallback
                0x00000000080095dc       0x14 ./Drivers/STM32H7xx_HAL_Driver/Src/stm32h7xx_hal_tim_ex.o
                0x00000000080095dc                HAL_TIMEx_CommutCallback
 .text.HAL_TIMEx_BreakCallback
                0x00000000080095f0       0x14 ./Drivers/STM32H7xx_HAL_Driver/Src/stm32h7xx_hal_tim_ex.o
                0x00000000080095f0                HAL_TIMEx_BreakCallback
 .text.HAL_TIMEx_Break2Callback
                0x0000000008009604       0x14 ./Drivers/STM32H7xx_HAL_Driver/Src/stm32h7xx_hal_tim_ex.o
                0x0000000008009604                HAL_TIMEx_Break2Callback
 .text.HAL_UART_Init
                0x0000000008009618       0xa0 ./Drivers/STM32H7xx_HAL_Driver/Src/stm32h7xx_hal_uart.o
                0x0000000008009618                HAL_UART_Init
 .text.HAL_UART_Transmit
                0x00000000080096b8      0x11c ./Drivers/STM32H7xx_HAL_Driver/Src/stm32h7xx_hal_uart.o
                0x00000000080096b8                HAL_UART_Transmit
 .text.HAL_UART_Receive_IT
                0x00000000080097d4       0x98 ./Drivers/STM32H7xx_HAL_Driver/Src/stm32h7xx_hal_uart.o
                0x00000000080097d4                HAL_UART_Receive_IT
 .text.HAL_UART_IRQHandler
                0x000000000800986c      0x774 ./Drivers/STM32H7xx_HAL_Driver/Src/stm32h7xx_hal_uart.o
                0x000000000800986c                HAL_UART_IRQHandler
 .text.HAL_UART_TxCpltCallback
                0x0000000008009fe0       0x14 ./Drivers/STM32H7xx_HAL_Driver/Src/stm32h7xx_hal_uart.o
                0x0000000008009fe0                HAL_UART_TxCpltCallback
 .text.HAL_UART_ErrorCallback
                0x0000000008009ff4       0x14 ./Drivers/STM32H7xx_HAL_Driver/Src/stm32h7xx_hal_uart.o
                0x0000000008009ff4                HAL_UART_ErrorCallback
 .text.HAL_UARTEx_RxEventCallback
                0x000000000800a008       0x18 ./Drivers/STM32H7xx_HAL_Driver/Src/stm32h7xx_hal_uart.o
                0x000000000800a008                HAL_UARTEx_RxEventCallback
 .text.UART_SetConfig
                0x000000000800a020      0xcd8 ./Drivers/STM32H7xx_HAL_Driver/Src/stm32h7xx_hal_uart.o
                0x000000000800a020                UART_SetConfig
 .text.UART_AdvFeatureConfig
                0x000000000800acf8      0x144 ./Drivers/STM32H7xx_HAL_Driver/Src/stm32h7xx_hal_uart.o
                0x000000000800acf8                UART_AdvFeatureConfig
 .text.UART_CheckIdleState
                0x000000000800ae3c      0x154 ./Drivers/STM32H7xx_HAL_Driver/Src/stm32h7xx_hal_uart.o
                0x000000000800ae3c                UART_CheckIdleState
 .text.UART_WaitOnFlagUntilTimeout
                0x000000000800af90       0xce ./Drivers/STM32H7xx_HAL_Driver/Src/stm32h7xx_hal_uart.o
                0x000000000800af90                UART_WaitOnFlagUntilTimeout
 *fill*         0x000000000800b05e        0x2 
 .text.UART_Start_Receive_IT
                0x000000000800b060      0x244 ./Drivers/STM32H7xx_HAL_Driver/Src/stm32h7xx_hal_uart.o
                0x000000000800b060                UART_Start_Receive_IT
 .text.UART_EndRxTransfer
                0x000000000800b2a4       0xcc ./Drivers/STM32H7xx_HAL_Driver/Src/stm32h7xx_hal_uart.o
 .text.UART_DMAAbortOnError
                0x000000000800b370       0x2c ./Drivers/STM32H7xx_HAL_Driver/Src/stm32h7xx_hal_uart.o
 .text.UART_EndTransmit_IT
                0x000000000800b39c       0x56 ./Drivers/STM32H7xx_HAL_Driver/Src/stm32h7xx_hal_uart.o
 *fill*         0x000000000800b3f2        0x2 
 .text.UART_RxISR_8BIT
                0x000000000800b3f4      0x1b8 ./Drivers/STM32H7xx_HAL_Driver/Src/stm32h7xx_hal_uart.o
 .text.UART_RxISR_16BIT
                0x000000000800b5ac      0x1b8 ./Drivers/STM32H7xx_HAL_Driver/Src/stm32h7xx_hal_uart.o
 .text.UART_RxISR_8BIT_FIFOEN
                0x000000000800b764      0x360 ./Drivers/STM32H7xx_HAL_Driver/Src/stm32h7xx_hal_uart.o
 .text.UART_RxISR_16BIT_FIFOEN
                0x000000000800bac4      0x368 ./Drivers/STM32H7xx_HAL_Driver/Src/stm32h7xx_hal_uart.o
 .text.HAL_UARTEx_WakeupCallback
                0x000000000800be2c       0x14 ./Drivers/STM32H7xx_HAL_Driver/Src/stm32h7xx_hal_uart_ex.o
                0x000000000800be2c                HAL_UARTEx_WakeupCallback
 .text.HAL_UARTEx_RxFifoFullCallback
                0x000000000800be40       0x14 ./Drivers/STM32H7xx_HAL_Driver/Src/stm32h7xx_hal_uart_ex.o
                0x000000000800be40                HAL_UARTEx_RxFifoFullCallback
 .text.HAL_UARTEx_TxFifoEmptyCallback
                0x000000000800be54       0x14 ./Drivers/STM32H7xx_HAL_Driver/Src/stm32h7xx_hal_uart_ex.o
                0x000000000800be54                HAL_UARTEx_TxFifoEmptyCallback
 .text.HAL_UARTEx_DisableFifoMode
                0x000000000800be68       0x72 ./Drivers/STM32H7xx_HAL_Driver/Src/stm32h7xx_hal_uart_ex.o
                0x000000000800be68                HAL_UARTEx_DisableFifoMode
 .text.HAL_UARTEx_SetTxFifoThreshold
                0x000000000800beda       0x7c ./Drivers/STM32H7xx_HAL_Driver/Src/stm32h7xx_hal_uart_ex.o
                0x000000000800beda                HAL_UARTEx_SetTxFifoThreshold
 .text.HAL_UARTEx_SetRxFifoThreshold
                0x000000000800bf56       0x7c ./Drivers/STM32H7xx_HAL_Driver/Src/stm32h7xx_hal_uart_ex.o
                0x000000000800bf56                HAL_UARTEx_SetRxFifoThreshold
 *fill*         0x000000000800bfd2        0x2 
 .text.UARTEx_SetNbDataToProcess
                0x000000000800bfd4       0x9c ./Drivers/STM32H7xx_HAL_Driver/Src/stm32h7xx_hal_uart_ex.o
 .text.__NVIC_SetPriority
                0x000000000800c070       0x54 ./Middlewares/Third_Party/FreeRTOS/Source/CMSIS_RTOS_V2/cmsis_os2.o
 .text.SysTick_Handler
                0x000000000800c0c4       0x20 ./Middlewares/Third_Party/FreeRTOS/Source/CMSIS_RTOS_V2/cmsis_os2.o
                0x000000000800c0c4                SysTick_Handler
 .text.SVC_Setup
                0x000000000800c0e4       0x12 ./Middlewares/Third_Party/FreeRTOS/Source/CMSIS_RTOS_V2/cmsis_os2.o
 *fill*         0x000000000800c0f6        0x2 
 .text.osKernelInitialize
                0x000000000800c0f8       0x48 ./Middlewares/Third_Party/FreeRTOS/Source/CMSIS_RTOS_V2/cmsis_os2.o
                0x000000000800c0f8                osKernelInitialize
 .text.osKernelStart
                0x000000000800c140       0x4c ./Middlewares/Third_Party/FreeRTOS/Source/CMSIS_RTOS_V2/cmsis_os2.o
                0x000000000800c140                osKernelStart
 .text.osThreadNew
                0x000000000800c18c      0x124 ./Middlewares/Third_Party/FreeRTOS/Source/CMSIS_RTOS_V2/cmsis_os2.o
                0x000000000800c18c                osThreadNew
 .text.osDelay  0x000000000800c2b0       0x36 ./Middlewares/Third_Party/FreeRTOS/Source/CMSIS_RTOS_V2/cmsis_os2.o
                0x000000000800c2b0                osDelay
 *fill*         0x000000000800c2e6        0x2 
 .text.vApplicationGetIdleTaskMemory
                0x000000000800c2e8       0x34 ./Middlewares/Third_Party/FreeRTOS/Source/CMSIS_RTOS_V2/cmsis_os2.o
                0x000000000800c2e8                vApplicationGetIdleTaskMemory
 .text.vApplicationGetTimerTaskMemory
                0x000000000800c31c       0x34 ./Middlewares/Third_Party/FreeRTOS/Source/CMSIS_RTOS_V2/cmsis_os2.o
                0x000000000800c31c                vApplicationGetTimerTaskMemory
 .text.vListInitialise
                0x000000000800c350       0x40 ./Middlewares/Third_Party/FreeRTOS/Source/list.o
                0x000000000800c350                vListInitialise
 .text.vListInitialiseItem
                0x000000000800c390       0x1a ./Middlewares/Third_Party/FreeRTOS/Source/list.o
                0x000000000800c390                vListInitialiseItem
 .text.vListInsertEnd
                0x000000000800c3aa       0x48 ./Middlewares/Third_Party/FreeRTOS/Source/list.o
                0x000000000800c3aa                vListInsertEnd
 .text.vListInsert
                0x000000000800c3f2       0x72 ./Middlewares/Third_Party/FreeRTOS/Source/list.o
                0x000000000800c3f2                vListInsert
 .text.uxListRemove
                0x000000000800c464       0x54 ./Middlewares/Third_Party/FreeRTOS/Source/list.o
                0x000000000800c464                uxListRemove
 .text.xQueueGenericReset
                0x000000000800c4b8       0xd0 ./Middlewares/Third_Party/FreeRTOS/Source/queue.o
                0x000000000800c4b8                xQueueGenericReset
 .text.xQueueGenericCreateStatic
                0x000000000800c588       0xf0 ./Middlewares/Third_Party/FreeRTOS/Source/queue.o
                0x000000000800c588                xQueueGenericCreateStatic
 .text.prvInitialiseNewQueue
                0x000000000800c678       0x46 ./Middlewares/Third_Party/FreeRTOS/Source/queue.o
 *fill*         0x000000000800c6be        0x2 
 .text.xQueueGenericSend
                0x000000000800c6c0      0x1fc ./Middlewares/Third_Party/FreeRTOS/Source/queue.o
                0x000000000800c6c0                xQueueGenericSend
 .text.xQueueGenericSendFromISR
                0x000000000800c8bc      0x136 ./Middlewares/Third_Party/FreeRTOS/Source/queue.o
                0x000000000800c8bc                xQueueGenericSendFromISR
 *fill*         0x000000000800c9f2        0x2 
 .text.xQueueReceive
                0x000000000800c9f4      0x1c0 ./Middlewares/Third_Party/FreeRTOS/Source/queue.o
                0x000000000800c9f4                xQueueReceive
 .text.prvCopyDataToQueue
                0x000000000800cbb4       0xd4 ./Middlewares/Third_Party/FreeRTOS/Source/queue.o
 .text.prvCopyDataFromQueue
                0x000000000800cc88       0x4c ./Middlewares/Third_Party/FreeRTOS/Source/queue.o
 .text.prvUnlockQueue
                0x000000000800ccd4       0xa4 ./Middlewares/Third_Party/FreeRTOS/Source/queue.o
 .text.prvIsQueueEmpty
                0x000000000800cd78       0x2c ./Middlewares/Third_Party/FreeRTOS/Source/queue.o
 .text.prvIsQueueFull
                0x000000000800cda4       0x30 ./Middlewares/Third_Party/FreeRTOS/Source/queue.o
 .text.vQueueAddToRegistry
                0x000000000800cdd4       0x54 ./Middlewares/Third_Party/FreeRTOS/Source/queue.o
                0x000000000800cdd4                vQueueAddToRegistry
 .text.vQueueWaitForMessageRestricted
                0x000000000800ce28       0x68 ./Middlewares/Third_Party/FreeRTOS/Source/queue.o
                0x000000000800ce28                vQueueWaitForMessageRestricted
 .text.xTaskCreateStatic
                0x000000000800ce90       0xba ./Middlewares/Third_Party/FreeRTOS/Source/tasks.o
                0x000000000800ce90                xTaskCreateStatic
 .text.xTaskCreate
                0x000000000800cf4a       0x8a ./Middlewares/Third_Party/FreeRTOS/Source/tasks.o
                0x000000000800cf4a                xTaskCreate
 .text.prvInitialiseNewTask
                0x000000000800cfd4      0x14c ./Middlewares/Third_Party/FreeRTOS/Source/tasks.o
 .text.prvAddNewTaskToReadyList
                0x000000000800d120       0xe0 ./Middlewares/Third_Party/FreeRTOS/Source/tasks.o
 .text.vTaskDelay
                0x000000000800d200       0x68 ./Middlewares/Third_Party/FreeRTOS/Source/tasks.o
                0x000000000800d200                vTaskDelay
 .text.vTaskStartScheduler
                0x000000000800d268       0xe0 ./Middlewares/Third_Party/FreeRTOS/Source/tasks.o
                0x000000000800d268                vTaskStartScheduler
 .text.vTaskSuspendAll
                0x000000000800d348       0x1c ./Middlewares/Third_Party/FreeRTOS/Source/tasks.o
                0x000000000800d348                vTaskSuspendAll
 .text.xTaskResumeAll
                0x000000000800d364      0x13c ./Middlewares/Third_Party/FreeRTOS/Source/tasks.o
                0x000000000800d364                xTaskResumeAll
 .text.xTaskGetTickCount
                0x000000000800d4a0       0x20 ./Middlewares/Third_Party/FreeRTOS/Source/tasks.o
                0x000000000800d4a0                xTaskGetTickCount
 .text.xTaskIncrementTick
                0x000000000800d4c0      0x174 ./Middlewares/Third_Party/FreeRTOS/Source/tasks.o
                0x000000000800d4c0                xTaskIncrementTick
 .text.vTaskSwitchContext
                0x000000000800d634       0xe8 ./Middlewares/Third_Party/FreeRTOS/Source/tasks.o
                0x000000000800d634                vTaskSwitchContext
 .text.vTaskPlaceOnEventList
                0x000000000800d71c       0x48 ./Middlewares/Third_Party/FreeRTOS/Source/tasks.o
                0x000000000800d71c                vTaskPlaceOnEventList
 .text.vTaskPlaceOnEventListRestricted
                0x000000000800d764       0x58 ./Middlewares/Third_Party/FreeRTOS/Source/tasks.o
                0x000000000800d764                vTaskPlaceOnEventListRestricted
 .text.xTaskRemoveFromEventList
                0x000000000800d7bc       0xc8 ./Middlewares/Third_Party/FreeRTOS/Source/tasks.o
                0x000000000800d7bc                xTaskRemoveFromEventList
 .text.vTaskInternalSetTimeOutState
                0x000000000800d884       0x2c ./Middlewares/Third_Party/FreeRTOS/Source/tasks.o
                0x000000000800d884                vTaskInternalSetTimeOutState
 .text.xTaskCheckForTimeOut
                0x000000000800d8b0       0xc4 ./Middlewares/Third_Party/FreeRTOS/Source/tasks.o
                0x000000000800d8b0                xTaskCheckForTimeOut
 .text.vTaskMissedYield
                0x000000000800d974       0x18 ./Middlewares/Third_Party/FreeRTOS/Source/tasks.o
                0x000000000800d974                vTaskMissedYield
 .text.prvIdleTask
                0x000000000800d98c       0x30 ./Middlewares/Third_Party/FreeRTOS/Source/tasks.o
 .text.prvInitialiseTaskLists
                0x000000000800d9bc       0x80 ./Middlewares/Third_Party/FreeRTOS/Source/tasks.o
 .text.prvCheckTasksWaitingTermination
                0x000000000800da3c       0x5c ./Middlewares/Third_Party/FreeRTOS/Source/tasks.o
 .text.prvDeleteTCB
                0x000000000800da98       0x68 ./Middlewares/Third_Party/FreeRTOS/Source/tasks.o
 .text.prvResetNextTaskUnblockTime
                0x000000000800db00       0x40 ./Middlewares/Third_Party/FreeRTOS/Source/tasks.o
 .text.xTaskGetSchedulerState
                0x000000000800db40       0x3c ./Middlewares/Third_Party/FreeRTOS/Source/tasks.o
                0x000000000800db40                xTaskGetSchedulerState
 .text.xTaskPriorityDisinherit
                0x000000000800db7c       0xdc ./Middlewares/Third_Party/FreeRTOS/Source/tasks.o
                0x000000000800db7c                xTaskPriorityDisinherit
 .text.prvAddCurrentTaskToDelayedList
                0x000000000800dc58       0xa8 ./Middlewares/Third_Party/FreeRTOS/Source/tasks.o
 .text.xTimerCreateTimerTask
                0x000000000800dd00       0x90 ./Middlewares/Third_Party/FreeRTOS/Source/timers.o
                0x000000000800dd00                xTimerCreateTimerTask
 .text.xTimerGenericCommand
                0x000000000800dd90       0x9c ./Middlewares/Third_Party/FreeRTOS/Source/timers.o
                0x000000000800dd90                xTimerGenericCommand
 .text.prvProcessExpiredTimer
                0x000000000800de2c       0x98 ./Middlewares/Third_Party/FreeRTOS/Source/timers.o
 .text.prvTimerTask
                0x000000000800dec4       0x24 ./Middlewares/Third_Party/FreeRTOS/Source/timers.o
 .text.prvProcessTimerOrBlockTask
                0x000000000800dee8       0x9c ./Middlewares/Third_Party/FreeRTOS/Source/timers.o
 .text.prvGetNextExpireTime
                0x000000000800df84       0x48 ./Middlewares/Third_Party/FreeRTOS/Source/timers.o
 .text.prvSampleTimeNow
                0x000000000800dfcc       0x40 ./Middlewares/Third_Party/FreeRTOS/Source/timers.o
 .text.prvInsertTimerInActiveList
                0x000000000800e00c       0x84 ./Middlewares/Third_Party/FreeRTOS/Source/timers.o
 .text.prvProcessReceivedCommands
                0x000000000800e090      0x1c4 ./Middlewares/Third_Party/FreeRTOS/Source/timers.o
 .text.prvSwitchTimerLists
                0x000000000800e254       0xc8 ./Middlewares/Third_Party/FreeRTOS/Source/timers.o
 .text.prvCheckForValidListAndQueue
                0x000000000800e31c       0x80 ./Middlewares/Third_Party/FreeRTOS/Source/timers.o
 .text.pxPortInitialiseStack
                0x000000000800e39c       0x68 ./Middlewares/Third_Party/FreeRTOS/Source/portable/GCC/ARM_CM4F/port.o
                0x000000000800e39c                pxPortInitialiseStack
 .text.prvTaskExitError
                0x000000000800e404       0x58 ./Middlewares/Third_Party/FreeRTOS/Source/portable/GCC/ARM_CM4F/port.o
 *fill*         0x000000000800e45c        0x4 
 .text.SVC_Handler
                0x000000000800e460       0x28 ./Middlewares/Third_Party/FreeRTOS/Source/portable/GCC/ARM_CM4F/port.o
                0x000000000800e460                SVC_Handler
 .text.prvPortStartFirstTask
                0x000000000800e488       0x28 ./Middlewares/Third_Party/FreeRTOS/Source/portable/GCC/ARM_CM4F/port.o
 .text.xPortStartScheduler
                0x000000000800e4b0      0x144 ./Middlewares/Third_Party/FreeRTOS/Source/portable/GCC/ARM_CM4F/port.o
                0x000000000800e4b0                xPortStartScheduler
 .text.vPortEnterCritical
                0x000000000800e5f4       0x60 ./Middlewares/Third_Party/FreeRTOS/Source/portable/GCC/ARM_CM4F/port.o
                0x000000000800e5f4                vPortEnterCritical
 .text.vPortExitCritical
                0x000000000800e654       0x54 ./Middlewares/Third_Party/FreeRTOS/Source/portable/GCC/ARM_CM4F/port.o
                0x000000000800e654                vPortExitCritical
 *fill*         0x000000000800e6a8        0x8 
 .text.PendSV_Handler
                0x000000000800e6b0       0x68 ./Middlewares/Third_Party/FreeRTOS/Source/portable/GCC/ARM_CM4F/port.o
                0x000000000800e6b0                PendSV_Handler
 .text.xPortSysTickHandler
                0x000000000800e718       0x44 ./Middlewares/Third_Party/FreeRTOS/Source/portable/GCC/ARM_CM4F/port.o
                0x000000000800e718                xPortSysTickHandler
 .text.vPortSetupTimerInterrupt
                0x000000000800e75c       0x48 ./Middlewares/Third_Party/FreeRTOS/Source/portable/GCC/ARM_CM4F/port.o
                0x000000000800e75c                vPortSetupTimerInterrupt
 .text.vPortEnableVFP
                0x000000000800e7a4       0x14 ./Middlewares/Third_Party/FreeRTOS/Source/portable/GCC/ARM_CM4F/port.o
 .text.vPortValidateInterruptPriority
                0x000000000800e7b8       0x80 ./Middlewares/Third_Party/FreeRTOS/Source/portable/GCC/ARM_CM4F/port.o
                0x000000000800e7b8                vPortValidateInterruptPriority
 .text.pvPortMalloc
                0x000000000800e838      0x198 ./Middlewares/Third_Party/FreeRTOS/Source/portable/MemMang/heap_4.o
                0x000000000800e838                pvPortMalloc
 .text.vPortFree
                0x000000000800e9d0       0xc4 ./Middlewares/Third_Party/FreeRTOS/Source/portable/MemMang/heap_4.o
                0x000000000800e9d0                vPortFree
 .text.prvHeapInit
                0x000000000800ea94       0xc4 ./Middlewares/Third_Party/FreeRTOS/Source/portable/MemMang/heap_4.o
 .text.prvInsertBlockIntoFreeList
                0x000000000800eb58       0xb4 ./Middlewares/Third_Party/FreeRTOS/Source/portable/MemMang/heap_4.o
 .text.loopback_tcps
                0x000000000800ec0c      0x2f8 ./io6Library/Application/loopback/loopback.o
                0x000000000800ec0c                loopback_tcps
 .text.tcps_status
                0x000000000800ef04      0x4f0 ./io6Library/Application/loopback/loopback.o
                0x000000000800ef04                tcps_status
 .text.iperf_tcpc
                0x000000000800f3f4      0x368 ./io6Library/Application/loopback/loopback.o
                0x000000000800f3f4                iperf_tcpc
 .text.WIZCHIP_WRITE
                0x000000000800f75c       0x20 ./io6Library/Ethernet/W6100/w6100.o
                0x000000000800f75c                WIZCHIP_WRITE
 .text.WIZCHIP_READ
                0x000000000800f77c       0x20 ./io6Library/Ethernet/W6100/w6100.o
                0x000000000800f77c                WIZCHIP_READ
 .text.WIZCHIP_WRITE_BUF
                0x000000000800f79c       0x22 ./io6Library/Ethernet/W6100/w6100.o
                0x000000000800f79c                WIZCHIP_WRITE_BUF
 .text.WIZCHIP_READ_BUF
                0x000000000800f7be       0x22 ./io6Library/Ethernet/W6100/w6100.o
                0x000000000800f7be                WIZCHIP_READ_BUF
 .text.getSn_TX_FSR
                0x000000000800f7e0       0x6c ./io6Library/Ethernet/W6100/w6100.o
                0x000000000800f7e0                getSn_TX_FSR
 .text.getSn_RX_RSR
                0x000000000800f84c       0x50 ./io6Library/Ethernet/W6100/w6100.o
                0x000000000800f84c                getSn_RX_RSR
 .text.getSn_RX_RD1
                0x000000000800f89c       0x50 ./io6Library/Ethernet/W6100/w6100.o
                0x000000000800f89c                getSn_RX_RD1
 .text.setSn_RX_RD1
                0x000000000800f8ec       0x54 ./io6Library/Ethernet/W6100/w6100.o
                0x000000000800f8ec                setSn_RX_RD1
 .text.wiz_send_data
                0x000000000800f940       0xc0 ./io6Library/Ethernet/W6100/w6100.o
                0x000000000800f940                wiz_send_data
 .text.wiz_recv_data
                0x000000000800fa00       0x6e ./io6Library/Ethernet/W6100/w6100.o
                0x000000000800fa00                wiz_recv_data
 *fill*         0x000000000800fa6e        0x2 
 .text.socket   0x000000000800fa70      0x3fc ./io6Library/Ethernet/socket.o
                0x000000000800fa70                socket
 .text.close    0x000000000800fe6c       0xdc ./io6Library/Ethernet/socket.o
                0x000000000800fe6c                close
 .text.listen   0x000000000800ff48       0x94 ./io6Library/Ethernet/socket.o
                0x000000000800ff48                listen
 .text.connect  0x000000000800ffdc      0x21c ./io6Library/Ethernet/socket.o
                0x000000000800ffdc                connect
 .text.disconnect
                0x00000000080101f8       0xe4 ./io6Library/Ethernet/socket.o
                0x00000000080101f8                disconnect
 .text.send     0x00000000080102dc      0x1c4 ./io6Library/Ethernet/socket.o
                0x00000000080102dc                send
 .text.recv     0x00000000080104a0      0x100 ./io6Library/Ethernet/socket.o
                0x00000000080104a0                recv
 .text.recv_iperf
                0x00000000080105a0       0x58 ./io6Library/Ethernet/socket.o
                0x00000000080105a0                recv_iperf
 .text.ctlsocket
                0x00000000080105f8      0x1e0 ./io6Library/Ethernet/socket.o
                0x00000000080105f8                ctlsocket
 .text.getsockopt
                0x00000000080107d8      0x378 ./io6Library/Ethernet/socket.o
                0x00000000080107d8                getsockopt
 .text.wizchip_cris_enter
                0x0000000008010b50        0xe ./io6Library/Ethernet/wizchip_conf.o
                0x0000000008010b50                wizchip_cris_enter
 .text.wizchip_cris_exit
                0x0000000008010b5e        0xe ./io6Library/Ethernet/wizchip_conf.o
                0x0000000008010b5e                wizchip_cris_exit
 .text.wizchip_cs_select
                0x0000000008010b6c        0xe ./io6Library/Ethernet/wizchip_conf.o
                0x0000000008010b6c                wizchip_cs_select
 .text.wizchip_cs_deselect
                0x0000000008010b7a        0xe ./io6Library/Ethernet/wizchip_conf.o
                0x0000000008010b7a                wizchip_cs_deselect
 .text.wizchip_spi_read
                0x0000000008010b88       0x10 ./io6Library/Ethernet/wizchip_conf.o
                0x0000000008010b88                wizchip_spi_read
 .text.wizchip_spi_write
                0x0000000008010b98       0x16 ./io6Library/Ethernet/wizchip_conf.o
                0x0000000008010b98                wizchip_spi_write
 *fill*         0x0000000008010bae        0x2 
 .text.wizchip_spi_read_buf
                0x0000000008010bb0       0x48 ./io6Library/Ethernet/wizchip_conf.o
                0x0000000008010bb0                wizchip_spi_read_buf
 .text.wizchip_spi_write_buf
                0x0000000008010bf8       0x48 ./io6Library/Ethernet/wizchip_conf.o
                0x0000000008010bf8                wizchip_spi_write_buf
 .text.reg_wizchip_cs_cbfunc
                0x0000000008010c40       0x4c ./io6Library/Ethernet/wizchip_conf.o
                0x0000000008010c40                reg_wizchip_cs_cbfunc
 .text.reg_wizchip_spi_cbfunc
                0x0000000008010c8c       0x8c ./io6Library/Ethernet/wizchip_conf.o
                0x0000000008010c8c                reg_wizchip_spi_cbfunc
 .text.ctlwizchip
                0x0000000008010d18      0x320 ./io6Library/Ethernet/wizchip_conf.o
                0x0000000008010d18                ctlwizchip
 .text.ctlnetwork
                0x0000000008011038       0xa4 ./io6Library/Ethernet/wizchip_conf.o
                0x0000000008011038                ctlnetwork
 .text.wizchip_sw_reset
                0x00000000080110dc      0x168 ./io6Library/Ethernet/wizchip_conf.o
                0x00000000080110dc                wizchip_sw_reset
 .text.wizchip_init
                0x0000000008011244      0x118 ./io6Library/Ethernet/wizchip_conf.o
                0x0000000008011244                wizchip_init
 .text.wizchip_clrinterrupt
                0x000000000801135c       0x74 ./io6Library/Ethernet/wizchip_conf.o
                0x000000000801135c                wizchip_clrinterrupt
 .text.wizchip_getinterrupt
                0x00000000080113d0       0x3c ./io6Library/Ethernet/wizchip_conf.o
                0x00000000080113d0                wizchip_getinterrupt
 .text.wizchip_setinterruptmask
                0x000000000801140c       0x4c ./io6Library/Ethernet/wizchip_conf.o
                0x000000000801140c                wizchip_setinterruptmask
 .text.wizchip_getinterruptmask
                0x0000000008011458       0x40 ./io6Library/Ethernet/wizchip_conf.o
                0x0000000008011458                wizchip_getinterruptmask
 .text.wizphy_getphylink
                0x0000000008011498       0x1a ./io6Library/Ethernet/wizchip_conf.o
                0x0000000008011498                wizphy_getphylink
 *fill*         0x00000000080114b2        0x2 
 .text.wizphy_reset
                0x00000000080114b4       0x40 ./io6Library/Ethernet/wizchip_conf.o
                0x00000000080114b4                wizphy_reset
 .text.wizphy_setphyconf
                0x00000000080114f4       0x98 ./io6Library/Ethernet/wizchip_conf.o
                0x00000000080114f4                wizphy_setphyconf
 .text.wizphy_getphyconf
                0x000000000801158c       0x80 ./io6Library/Ethernet/wizchip_conf.o
                0x000000000801158c                wizphy_getphyconf
 .text.wizphy_getphystatus
                0x000000000801160c       0x80 ./io6Library/Ethernet/wizchip_conf.o
                0x000000000801160c                wizphy_getphystatus
 .text.wizphy_setphypmode
                0x000000000801168c       0x44 ./io6Library/Ethernet/wizchip_conf.o
                0x000000000801168c                wizphy_setphypmode
 .text.wizphy_getphypmode
                0x00000000080116d0       0x24 ./io6Library/Ethernet/wizchip_conf.o
                0x00000000080116d0                wizphy_getphypmode
 .text.wizchip_setnetinfo
                0x00000000080116f4       0xfc ./io6Library/Ethernet/wizchip_conf.o
                0x00000000080116f4                wizchip_setnetinfo
 .text.wizchip_getnetinfo
                0x00000000080117f0      0x100 ./io6Library/Ethernet/wizchip_conf.o
                0x00000000080117f0                wizchip_getnetinfo
 .text.wizchip_setnetmode
                0x00000000080118f0       0x58 ./io6Library/Ethernet/wizchip_conf.o
                0x00000000080118f0                wizchip_setnetmode
 .text.wizchip_getnetmode
                0x0000000008011948       0x5c ./io6Library/Ethernet/wizchip_conf.o
                0x0000000008011948                wizchip_getnetmode
 .text.wizchip_settimeout
                0x00000000080119a4       0x80 ./io6Library/Ethernet/wizchip_conf.o
                0x00000000080119a4                wizchip_settimeout
 .text.wizchip_gettimeout
                0x0000000008011a24       0x84 ./io6Library/Ethernet/wizchip_conf.o
                0x0000000008011a24                wizchip_gettimeout
 .text.calloc   0x0000000008011aa8       0x10 C:/ST/STM32CubeIDE_1.6.1/STM32CubeIDE/plugins/com.st.stm32cube.ide.mcu.externaltools.gnu-tools-for-stm32.11.3.rel1.win32_1.1.0.202305231506/tools/bin/../lib/gcc/arm-none-eabi/11.3.1/../../../../arm-none-eabi/lib/thumb/v7e-m+dp/hard\libc_nano.a(libc_a-calloc.o)
                0x0000000008011aa8                calloc
 .text._calloc_r
                0x0000000008011ab8       0x2c C:/ST/STM32CubeIDE_1.6.1/STM32CubeIDE/plugins/com.st.stm32cube.ide.mcu.externaltools.gnu-tools-for-stm32.11.3.rel1.win32_1.1.0.202305231506/tools/bin/../lib/gcc/arm-none-eabi/11.3.1/../../../../arm-none-eabi/lib/thumb/v7e-m+dp/hard\libc_nano.a(libc_a-callocr.o)
                0x0000000008011ab8                _calloc_r
 .text.sbrk_aligned
                0x0000000008011ae4       0x40 C:/ST/STM32CubeIDE_1.6.1/STM32CubeIDE/plugins/com.st.stm32cube.ide.mcu.externaltools.gnu-tools-for-stm32.11.3.rel1.win32_1.1.0.202305231506/tools/bin/../lib/gcc/arm-none-eabi/11.3.1/../../../../arm-none-eabi/lib/thumb/v7e-m+dp/hard\libc_nano.a(libc_a-mallocr.o)
 .text._malloc_r
                0x0000000008011b24      0x100 C:/ST/STM32CubeIDE_1.6.1/STM32CubeIDE/plugins/com.st.stm32cube.ide.mcu.externaltools.gnu-tools-for-stm32.11.3.rel1.win32_1.1.0.202305231506/tools/bin/../lib/gcc/arm-none-eabi/11.3.1/../../../../arm-none-eabi/lib/thumb/v7e-m+dp/hard\libc_nano.a(libc_a-mallocr.o)
                0x0000000008011b24                _malloc_r
 .text.__malloc_lock
                0x0000000008011c24        0xc C:/ST/STM32CubeIDE_1.6.1/STM32CubeIDE/plugins/com.st.stm32cube.ide.mcu.externaltools.gnu-tools-for-stm32.11.3.rel1.win32_1.1.0.202305231506/tools/bin/../lib/gcc/arm-none-eabi/11.3.1/../../../../arm-none-eabi/lib/thumb/v7e-m+dp/hard\libc_nano.a(libc_a-mlock.o)
                0x0000000008011c24                __malloc_lock
 .text.__malloc_unlock
                0x0000000008011c30        0xc C:/ST/STM32CubeIDE_1.6.1/STM32CubeIDE/plugins/com.st.stm32cube.ide.mcu.externaltools.gnu-tools-for-stm32.11.3.rel1.win32_1.1.0.202305231506/tools/bin/../lib/gcc/arm-none-eabi/11.3.1/../../../../arm-none-eabi/lib/thumb/v7e-m+dp/hard\libc_nano.a(libc_a-mlock.o)
                0x0000000008011c30                __malloc_unlock
 .text.std      0x0000000008011c3c       0x48 C:/ST/STM32CubeIDE_1.6.1/STM32CubeIDE/plugins/com.st.stm32cube.ide.mcu.externaltools.gnu-tools-for-stm32.11.3.rel1.win32_1.1.0.202305231506/tools/bin/../lib/gcc/arm-none-eabi/11.3.1/../../../../arm-none-eabi/lib/thumb/v7e-m+dp/hard\libc_nano.a(libc_a-findfp.o)
 .text.stdio_exit_handler
                0x0000000008011c84       0x18 C:/ST/STM32CubeIDE_1.6.1/STM32CubeIDE/plugins/com.st.stm32cube.ide.mcu.externaltools.gnu-tools-for-stm32.11.3.rel1.win32_1.1.0.202305231506/tools/bin/../lib/gcc/arm-none-eabi/11.3.1/../../../../arm-none-eabi/lib/thumb/v7e-m+dp/hard\libc_nano.a(libc_a-findfp.o)
 .text.cleanup_stdio
                0x0000000008011c9c       0x40 C:/ST/STM32CubeIDE_1.6.1/STM32CubeIDE/plugins/com.st.stm32cube.ide.mcu.externaltools.gnu-tools-for-stm32.11.3.rel1.win32_1.1.0.202305231506/tools/bin/../lib/gcc/arm-none-eabi/11.3.1/../../../../arm-none-eabi/lib/thumb/v7e-m+dp/hard\libc_nano.a(libc_a-findfp.o)
 .text.global_stdio_init.part.0
                0x0000000008011cdc       0x3c C:/ST/STM32CubeIDE_1.6.1/STM32CubeIDE/plugins/com.st.stm32cube.ide.mcu.externaltools.gnu-tools-for-stm32.11.3.rel1.win32_1.1.0.202305231506/tools/bin/../lib/gcc/arm-none-eabi/11.3.1/../../../../arm-none-eabi/lib/thumb/v7e-m+dp/hard\libc_nano.a(libc_a-findfp.o)
 .text.__sfp_lock_acquire
                0x0000000008011d18        0xc C:/ST/STM32CubeIDE_1.6.1/STM32CubeIDE/plugins/com.st.stm32cube.ide.mcu.externaltools.gnu-tools-for-stm32.11.3.rel1.win32_1.1.0.202305231506/tools/bin/../lib/gcc/arm-none-eabi/11.3.1/../../../../arm-none-eabi/lib/thumb/v7e-m+dp/hard\libc_nano.a(libc_a-findfp.o)
                0x0000000008011d18                __sfp_lock_acquire
 .text.__sfp_lock_release
                0x0000000008011d24        0xc C:/ST/STM32CubeIDE_1.6.1/STM32CubeIDE/plugins/com.st.stm32cube.ide.mcu.externaltools.gnu-tools-for-stm32.11.3.rel1.win32_1.1.0.202305231506/tools/bin/../lib/gcc/arm-none-eabi/11.3.1/../../../../arm-none-eabi/lib/thumb/v7e-m+dp/hard\libc_nano.a(libc_a-findfp.o)
                0x0000000008011d24                __sfp_lock_release
 .text.__sinit  0x0000000008011d30       0x30 C:/ST/STM32CubeIDE_1.6.1/STM32CubeIDE/plugins/com.st.stm32cube.ide.mcu.externaltools.gnu-tools-for-stm32.11.3.rel1.win32_1.1.0.202305231506/tools/bin/../lib/gcc/arm-none-eabi/11.3.1/../../../../arm-none-eabi/lib/thumb/v7e-m+dp/hard\libc_nano.a(libc_a-findfp.o)
                0x0000000008011d30                __sinit
 .text._fwalk_sglue
                0x0000000008011d60       0x3c C:/ST/STM32CubeIDE_1.6.1/STM32CubeIDE/plugins/com.st.stm32cube.ide.mcu.externaltools.gnu-tools-for-stm32.11.3.rel1.win32_1.1.0.202305231506/tools/bin/../lib/gcc/arm-none-eabi/11.3.1/../../../../arm-none-eabi/lib/thumb/v7e-m+dp/hard\libc_nano.a(libc_a-fwalk.o)
                0x0000000008011d60                _fwalk_sglue
 .text.printf   0x0000000008011d9c       0x24 C:/ST/STM32CubeIDE_1.6.1/STM32CubeIDE/plugins/com.st.stm32cube.ide.mcu.externaltools.gnu-tools-for-stm32.11.3.rel1.win32_1.1.0.202305231506/tools/bin/../lib/gcc/arm-none-eabi/11.3.1/../../../../arm-none-eabi/lib/thumb/v7e-m+dp/hard\libc_nano.a(libc_a-printf.o)
                0x0000000008011d9c                iprintf
                0x0000000008011d9c                printf
 .text._puts_r  0x0000000008011dc0       0xa8 C:/ST/STM32CubeIDE_1.6.1/STM32CubeIDE/plugins/com.st.stm32cube.ide.mcu.externaltools.gnu-tools-for-stm32.11.3.rel1.win32_1.1.0.202305231506/tools/bin/../lib/gcc/arm-none-eabi/11.3.1/../../../../arm-none-eabi/lib/thumb/v7e-m+dp/hard\libc_nano.a(libc_a-puts.o)
                0x0000000008011dc0                _puts_r
 .text.puts     0x0000000008011e68       0x10 C:/ST/STM32CubeIDE_1.6.1/STM32CubeIDE/plugins/com.st.stm32cube.ide.mcu.externaltools.gnu-tools-for-stm32.11.3.rel1.win32_1.1.0.202305231506/tools/bin/../lib/gcc/arm-none-eabi/11.3.1/../../../../arm-none-eabi/lib/thumb/v7e-m+dp/hard\libc_nano.a(libc_a-puts.o)
                0x0000000008011e68                puts
 .text.__sread  0x0000000008011e78       0x22 C:/ST/STM32CubeIDE_1.6.1/STM32CubeIDE/plugins/com.st.stm32cube.ide.mcu.externaltools.gnu-tools-for-stm32.11.3.rel1.win32_1.1.0.202305231506/tools/bin/../lib/gcc/arm-none-eabi/11.3.1/../../../../arm-none-eabi/lib/thumb/v7e-m+dp/hard\libc_nano.a(libc_a-stdio.o)
                0x0000000008011e78                __sread
 .text.__swrite
                0x0000000008011e9a       0x38 C:/ST/STM32CubeIDE_1.6.1/STM32CubeIDE/plugins/com.st.stm32cube.ide.mcu.externaltools.gnu-tools-for-stm32.11.3.rel1.win32_1.1.0.202305231506/tools/bin/../lib/gcc/arm-none-eabi/11.3.1/../../../../arm-none-eabi/lib/thumb/v7e-m+dp/hard\libc_nano.a(libc_a-stdio.o)
                0x0000000008011e9a                __swrite
 .text.__sseek  0x0000000008011ed2       0x24 C:/ST/STM32CubeIDE_1.6.1/STM32CubeIDE/plugins/com.st.stm32cube.ide.mcu.externaltools.gnu-tools-for-stm32.11.3.rel1.win32_1.1.0.202305231506/tools/bin/../lib/gcc/arm-none-eabi/11.3.1/../../../../arm-none-eabi/lib/thumb/v7e-m+dp/hard\libc_nano.a(libc_a-stdio.o)
                0x0000000008011ed2                __sseek
 .text.__sclose
                0x0000000008011ef6        0x8 C:/ST/STM32CubeIDE_1.6.1/STM32CubeIDE/plugins/com.st.stm32cube.ide.mcu.externaltools.gnu-tools-for-stm32.11.3.rel1.win32_1.1.0.202305231506/tools/bin/../lib/gcc/arm-none-eabi/11.3.1/../../../../arm-none-eabi/lib/thumb/v7e-m+dp/hard\libc_nano.a(libc_a-stdio.o)
                0x0000000008011ef6                __sclose
 .text.__swbuf_r
                0x0000000008011efe       0x7a C:/ST/STM32CubeIDE_1.6.1/STM32CubeIDE/plugins/com.st.stm32cube.ide.mcu.externaltools.gnu-tools-for-stm32.11.3.rel1.win32_1.1.0.202305231506/tools/bin/../lib/gcc/arm-none-eabi/11.3.1/../../../../arm-none-eabi/lib/thumb/v7e-m+dp/hard\libc_nano.a(libc_a-wbuf.o)
                0x0000000008011efe                __swbuf_r
 .text.__swsetup_r
                0x0000000008011f78       0xb0 C:/ST/STM32CubeIDE_1.6.1/STM32CubeIDE/plugins/com.st.stm32cube.ide.mcu.externaltools.gnu-tools-for-stm32.11.3.rel1.win32_1.1.0.202305231506/tools/bin/../lib/gcc/arm-none-eabi/11.3.1/../../../../arm-none-eabi/lib/thumb/v7e-m+dp/hard\libc_nano.a(libc_a-wsetup.o)
                0x0000000008011f78                __swsetup_r
 .text.memset   0x0000000008012028       0x10 C:/ST/STM32CubeIDE_1.6.1/STM32CubeIDE/plugins/com.st.stm32cube.ide.mcu.externaltools.gnu-tools-for-stm32.11.3.rel1.win32_1.1.0.202305231506/tools/bin/../lib/gcc/arm-none-eabi/11.3.1/../../../../arm-none-eabi/lib/thumb/v7e-m+dp/hard\libc_nano.a(libc_a-memset.o)
                0x0000000008012028                memset
 .text.strncmp  0x0000000008012038       0x24 C:/ST/STM32CubeIDE_1.6.1/STM32CubeIDE/plugins/com.st.stm32cube.ide.mcu.externaltools.gnu-tools-for-stm32.11.3.rel1.win32_1.1.0.202305231506/tools/bin/../lib/gcc/arm-none-eabi/11.3.1/../../../../arm-none-eabi/lib/thumb/v7e-m+dp/hard\libc_nano.a(libc_a-strncmp.o)
                0x0000000008012038                strncmp
 .text._close_r
                0x000000000801205c       0x20 C:/ST/STM32CubeIDE_1.6.1/STM32CubeIDE/plugins/com.st.stm32cube.ide.mcu.externaltools.gnu-tools-for-stm32.11.3.rel1.win32_1.1.0.202305231506/tools/bin/../lib/gcc/arm-none-eabi/11.3.1/../../../../arm-none-eabi/lib/thumb/v7e-m+dp/hard\libc_nano.a(libc_a-closer.o)
                0x000000000801205c                _close_r
 .text._reclaim_reent
                0x000000000801207c       0xac C:/ST/STM32CubeIDE_1.6.1/STM32CubeIDE/plugins/com.st.stm32cube.ide.mcu.externaltools.gnu-tools-for-stm32.11.3.rel1.win32_1.1.0.202305231506/tools/bin/../lib/gcc/arm-none-eabi/11.3.1/../../../../arm-none-eabi/lib/thumb/v7e-m+dp/hard\libc_nano.a(libc_a-reent.o)
                0x000000000801207c                _reclaim_reent
 .text._lseek_r
                0x0000000008012128       0x24 C:/ST/STM32CubeIDE_1.6.1/STM32CubeIDE/plugins/com.st.stm32cube.ide.mcu.externaltools.gnu-tools-for-stm32.11.3.rel1.win32_1.1.0.202305231506/tools/bin/../lib/gcc/arm-none-eabi/11.3.1/../../../../arm-none-eabi/lib/thumb/v7e-m+dp/hard\libc_nano.a(libc_a-lseekr.o)
                0x0000000008012128                _lseek_r
 .text._read_r  0x000000000801214c       0x24 C:/ST/STM32CubeIDE_1.6.1/STM32CubeIDE/plugins/com.st.stm32cube.ide.mcu.externaltools.gnu-tools-for-stm32.11.3.rel1.win32_1.1.0.202305231506/tools/bin/../lib/gcc/arm-none-eabi/11.3.1/../../../../arm-none-eabi/lib/thumb/v7e-m+dp/hard\libc_nano.a(libc_a-readr.o)
                0x000000000801214c                _read_r
 .text._sbrk_r  0x0000000008012170       0x20 C:/ST/STM32CubeIDE_1.6.1/STM32CubeIDE/plugins/com.st.stm32cube.ide.mcu.externaltools.gnu-tools-for-stm32.11.3.rel1.win32_1.1.0.202305231506/tools/bin/../lib/gcc/arm-none-eabi/11.3.1/../../../../arm-none-eabi/lib/thumb/v7e-m+dp/hard\libc_nano.a(libc_a-sbrkr.o)
                0x0000000008012170                _sbrk_r
 .text._write_r
                0x0000000008012190       0x24 C:/ST/STM32CubeIDE_1.6.1/STM32CubeIDE/plugins/com.st.stm32cube.ide.mcu.externaltools.gnu-tools-for-stm32.11.3.rel1.win32_1.1.0.202305231506/tools/bin/../lib/gcc/arm-none-eabi/11.3.1/../../../../arm-none-eabi/lib/thumb/v7e-m+dp/hard\libc_nano.a(libc_a-writer.o)
                0x0000000008012190                _write_r
 .text.__errno  0x00000000080121b4        0xc C:/ST/STM32CubeIDE_1.6.1/STM32CubeIDE/plugins/com.st.stm32cube.ide.mcu.externaltools.gnu-tools-for-stm32.11.3.rel1.win32_1.1.0.202305231506/tools/bin/../lib/gcc/arm-none-eabi/11.3.1/../../../../arm-none-eabi/lib/thumb/v7e-m+dp/hard\libc_nano.a(libc_a-errno.o)
                0x00000000080121b4                __errno
 .text.__libc_init_array
                0x00000000080121c0       0x48 C:/ST/STM32CubeIDE_1.6.1/STM32CubeIDE/plugins/com.st.stm32cube.ide.mcu.externaltools.gnu-tools-for-stm32.11.3.rel1.win32_1.1.0.202305231506/tools/bin/../lib/gcc/arm-none-eabi/11.3.1/../../../../arm-none-eabi/lib/thumb/v7e-m+dp/hard\libc_nano.a(libc_a-init.o)
                0x00000000080121c0                __libc_init_array
 .text.__retarget_lock_acquire_recursive
                0x0000000008012208        0x2 C:/ST/STM32CubeIDE_1.6.1/STM32CubeIDE/plugins/com.st.stm32cube.ide.mcu.externaltools.gnu-tools-for-stm32.11.3.rel1.win32_1.1.0.202305231506/tools/bin/../lib/gcc/arm-none-eabi/11.3.1/../../../../arm-none-eabi/lib/thumb/v7e-m+dp/hard\libc_nano.a(libc_a-lock.o)
                0x0000000008012208                __retarget_lock_acquire_recursive
 .text.__retarget_lock_release_recursive
                0x000000000801220a        0x2 C:/ST/STM32CubeIDE_1.6.1/STM32CubeIDE/plugins/com.st.stm32cube.ide.mcu.externaltools.gnu-tools-for-stm32.11.3.rel1.win32_1.1.0.202305231506/tools/bin/../lib/gcc/arm-none-eabi/11.3.1/../../../../arm-none-eabi/lib/thumb/v7e-m+dp/hard\libc_nano.a(libc_a-lock.o)
                0x000000000801220a                __retarget_lock_release_recursive
 .text.memcpy   0x000000000801220c       0x1c C:/ST/STM32CubeIDE_1.6.1/STM32CubeIDE/plugins/com.st.stm32cube.ide.mcu.externaltools.gnu-tools-for-stm32.11.3.rel1.win32_1.1.0.202305231506/tools/bin/../lib/gcc/arm-none-eabi/11.3.1/../../../../arm-none-eabi/lib/thumb/v7e-m+dp/hard\libc_nano.a(libc_a-memcpy-stub.o)
                0x000000000801220c                memcpy
 .text._free_r  0x0000000008012228       0x98 C:/ST/STM32CubeIDE_1.6.1/STM32CubeIDE/plugins/com.st.stm32cube.ide.mcu.externaltools.gnu-tools-for-stm32.11.3.rel1.win32_1.1.0.202305231506/tools/bin/../lib/gcc/arm-none-eabi/11.3.1/../../../../arm-none-eabi/lib/thumb/v7e-m+dp/hard\libc_nano.a(libc_a-freer.o)
                0x0000000008012228                _free_r
 .text.__sfputc_r
                0x00000000080122c0       0x2e C:/ST/STM32CubeIDE_1.6.1/STM32CubeIDE/plugins/com.st.stm32cube.ide.mcu.externaltools.gnu-tools-for-stm32.11.3.rel1.win32_1.1.0.202305231506/tools/bin/../lib/gcc/arm-none-eabi/11.3.1/../../../../arm-none-eabi/lib/thumb/v7e-m+dp/hard\libc_nano.a(libc_a-nano-vfprintf.o)
 .text.__sfputs_r
                0x00000000080122ee       0x24 C:/ST/STM32CubeIDE_1.6.1/STM32CubeIDE/plugins/com.st.stm32cube.ide.mcu.externaltools.gnu-tools-for-stm32.11.3.rel1.win32_1.1.0.202305231506/tools/bin/../lib/gcc/arm-none-eabi/11.3.1/../../../../arm-none-eabi/lib/thumb/v7e-m+dp/hard\libc_nano.a(libc_a-nano-vfprintf.o)
                0x00000000080122ee                __sfputs_r
 *fill*         0x0000000008012312        0x2 
 .text._vfprintf_r
                0x0000000008012314      0x234 C:/ST/STM32CubeIDE_1.6.1/STM32CubeIDE/plugins/com.st.stm32cube.ide.mcu.externaltools.gnu-tools-for-stm32.11.3.rel1.win32_1.1.0.202305231506/tools/bin/../lib/gcc/arm-none-eabi/11.3.1/../../../../arm-none-eabi/lib/thumb/v7e-m+dp/hard\libc_nano.a(libc_a-nano-vfprintf.o)
                0x0000000008012314                _vfprintf_r
                0x0000000008012314                _vfiprintf_r
 .text._printf_common
                0x0000000008012548       0xda C:/ST/STM32CubeIDE_1.6.1/STM32CubeIDE/plugins/com.st.stm32cube.ide.mcu.externaltools.gnu-tools-for-stm32.11.3.rel1.win32_1.1.0.202305231506/tools/bin/../lib/gcc/arm-none-eabi/11.3.1/../../../../arm-none-eabi/lib/thumb/v7e-m+dp/hard\libc_nano.a(libc_a-nano-vfprintf_i.o)
                0x0000000008012548                _printf_common
 *fill*         0x0000000008012622        0x2 
 .text._printf_i
                0x0000000008012624      0x244 C:/ST/STM32CubeIDE_1.6.1/STM32CubeIDE/plugins/com.st.stm32cube.ide.mcu.externaltools.gnu-tools-for-stm32.11.3.rel1.win32_1.1.0.202305231506/tools/bin/../lib/gcc/arm-none-eabi/11.3.1/../../../../arm-none-eabi/lib/thumb/v7e-m+dp/hard\libc_nano.a(libc_a-nano-vfprintf_i.o)
                0x0000000008012624                _printf_i
 .text.__sflush_r
                0x0000000008012868      0x10c C:/ST/STM32CubeIDE_1.6.1/STM32CubeIDE/plugins/com.st.stm32cube.ide.mcu.externaltools.gnu-tools-for-stm32.11.3.rel1.win32_1.1.0.202305231506/tools/bin/../lib/gcc/arm-none-eabi/11.3.1/../../../../arm-none-eabi/lib/thumb/v7e-m+dp/hard\libc_nano.a(libc_a-fflush.o)
                0x0000000008012868                __sflush_r
 .text._fflush_r
                0x0000000008012974       0x50 C:/ST/STM32CubeIDE_1.6.1/STM32CubeIDE/plugins/com.st.stm32cube.ide.mcu.externaltools.gnu-tools-for-stm32.11.3.rel1.win32_1.1.0.202305231506/tools/bin/../lib/gcc/arm-none-eabi/11.3.1/../../../../arm-none-eabi/lib/thumb/v7e-m+dp/hard\libc_nano.a(libc_a-fflush.o)
                0x0000000008012974                _fflush_r
 .text.__swhatbuf_r
                0x00000000080129c4       0x4c C:/ST/STM32CubeIDE_1.6.1/STM32CubeIDE/plugins/com.st.stm32cube.ide.mcu.externaltools.gnu-tools-for-stm32.11.3.rel1.win32_1.1.0.202305231506/tools/bin/../lib/gcc/arm-none-eabi/11.3.1/../../../../arm-none-eabi/lib/thumb/v7e-m+dp/hard\libc_nano.a(libc_a-makebuf.o)
                0x00000000080129c4                __swhatbuf_r
 .text.__smakebuf_r
                0x0000000008012a10       0x78 C:/ST/STM32CubeIDE_1.6.1/STM32CubeIDE/plugins/com.st.stm32cube.ide.mcu.externaltools.gnu-tools-for-stm32.11.3.rel1.win32_1.1.0.202305231506/tools/bin/../lib/gcc/arm-none-eabi/11.3.1/../../../../arm-none-eabi/lib/thumb/v7e-m+dp/hard\libc_nano.a(libc_a-makebuf.o)
                0x0000000008012a10                __smakebuf_r
 .text._fstat_r
                0x0000000008012a88       0x24 C:/ST/STM32CubeIDE_1.6.1/STM32CubeIDE/plugins/com.st.stm32cube.ide.mcu.externaltools.gnu-tools-for-stm32.11.3.rel1.win32_1.1.0.202305231506/tools/bin/../lib/gcc/arm-none-eabi/11.3.1/../../../../arm-none-eabi/lib/thumb/v7e-m+dp/hard\libc_nano.a(libc_a-fstatr.o)
                0x0000000008012a88                _fstat_r
 .text._isatty_r
                0x0000000008012aac       0x20 C:/ST/STM32CubeIDE_1.6.1/STM32CubeIDE/plugins/com.st.stm32cube.ide.mcu.externaltools.gnu-tools-for-stm32.11.3.rel1.win32_1.1.0.202305231506/tools/bin/../lib/gcc/arm-none-eabi/11.3.1/../../../../arm-none-eabi/lib/thumb/v7e-m+dp/hard\libc_nano.a(libc_a-isattyr.o)
                0x0000000008012aac                _isatty_r
 *(.glue_7)
 .glue_7        0x0000000008012acc        0x0 linker stubs
 *(.glue_7t)
 .glue_7t       0x0000000008012acc        0x0 linker stubs
 *(.eh_frame)
 .eh_frame      0x0000000008012acc        0x0 C:/ST/STM32CubeIDE_1.6.1/STM32CubeIDE/plugins/com.st.stm32cube.ide.mcu.externaltools.gnu-tools-for-stm32.11.3.rel1.win32_1.1.0.202305231506/tools/bin/../lib/gcc/arm-none-eabi/11.3.1/thumb/v7e-m+dp/hard/crtbegin.o
 *(.init)
 .init          0x0000000008012acc        0x4 C:/ST/STM32CubeIDE_1.6.1/STM32CubeIDE/plugins/com.st.stm32cube.ide.mcu.externaltools.gnu-tools-for-stm32.11.3.rel1.win32_1.1.0.202305231506/tools/bin/../lib/gcc/arm-none-eabi/11.3.1/thumb/v7e-m+dp/hard/crti.o
                0x0000000008012acc                _init
 .init          0x0000000008012ad0        0x8 C:/ST/STM32CubeIDE_1.6.1/STM32CubeIDE/plugins/com.st.stm32cube.ide.mcu.externaltools.gnu-tools-for-stm32.11.3.rel1.win32_1.1.0.202305231506/tools/bin/../lib/gcc/arm-none-eabi/11.3.1/thumb/v7e-m+dp/hard/crtn.o
 *(.fini)
 .fini          0x0000000008012ad8        0x4 C:/ST/STM32CubeIDE_1.6.1/STM32CubeIDE/plugins/com.st.stm32cube.ide.mcu.externaltools.gnu-tools-for-stm32.11.3.rel1.win32_1.1.0.202305231506/tools/bin/../lib/gcc/arm-none-eabi/11.3.1/thumb/v7e-m+dp/hard/crti.o
                0x0000000008012ad8                _fini
 .fini          0x0000000008012adc        0x8 C:/ST/STM32CubeIDE_1.6.1/STM32CubeIDE/plugins/com.st.stm32cube.ide.mcu.externaltools.gnu-tools-for-stm32.11.3.rel1.win32_1.1.0.202305231506/tools/bin/../lib/gcc/arm-none-eabi/11.3.1/thumb/v7e-m+dp/hard/crtn.o
                0x0000000008012ae4                . = ALIGN (0x4)
                0x0000000008012ae4                _etext = .

.vfp11_veneer   0x0000000008012ae4        0x0
 .vfp11_veneer  0x0000000008012ae4        0x0 linker stubs

.v4_bx          0x0000000008012ae4        0x0
 .v4_bx         0x0000000008012ae4        0x0 linker stubs

.iplt           0x0000000008012ae4        0x0
 .iplt          0x0000000008012ae4        0x0 C:/ST/STM32CubeIDE_1.6.1/STM32CubeIDE/plugins/com.st.stm32cube.ide.mcu.externaltools.gnu-tools-for-stm32.11.3.rel1.win32_1.1.0.202305231506/tools/bin/../lib/gcc/arm-none-eabi/11.3.1/thumb/v7e-m+dp/hard/crtbegin.o

.rodata         0x0000000008012ae4      0x5b8
                0x0000000008012ae4                . = ALIGN (0x4)
 *(.rodata)
 .rodata        0x0000000008012ae4      0x40b ./Core/Src/main.o
 *fill*         0x0000000008012eef        0x1 
 .rodata        0x0000000008012ef0        0x5 ./Middlewares/Third_Party/FreeRTOS/Source/tasks.o
 *fill*         0x0000000008012ef5        0x3 
 .rodata        0x0000000008012ef8        0xd ./Middlewares/Third_Party/FreeRTOS/Source/timers.o
 *fill*         0x0000000008012f05        0x3 
 .rodata        0x0000000008012f08       0xd3 ./io6Library/Application/loopback/loopback.o
 *fill*         0x0000000008012fdb        0x1 
 .rodata        0x0000000008012fdc        0x3 ./io6Library/Ethernet/W6100/w6100.o
 *(.rodata*)
 *fill*         0x0000000008012fdf        0x1 
 .rodata.defaultTask_attributes
                0x0000000008012fe0       0x24 ./Core/Src/main.o
                0x0000000008012fe0                defaultTask_attributes
 .rodata.Wiz_attributes
                0x0000000008013004       0x24 ./Core/Src/main.o
                0x0000000008013004                Wiz_attributes
 .rodata.D1CorePrescTable
                0x0000000008013028       0x10 ./Core/Src/system_stm32h7xx.o
                0x0000000008013028                D1CorePrescTable
 .rodata.flagBitshiftOffset.0
                0x0000000008013038        0x8 ./Drivers/STM32H7xx_HAL_Driver/Src/stm32h7xx_hal_dma.o
 .rodata.UARTPrescTable
                0x0000000008013040       0x18 ./Drivers/STM32H7xx_HAL_Driver/Src/stm32h7xx_hal_uart.o
                0x0000000008013040                UARTPrescTable
 .rodata.numerator.1
                0x0000000008013058        0x8 ./Drivers/STM32H7xx_HAL_Driver/Src/stm32h7xx_hal_uart_ex.o
 .rodata.denominator.0
                0x0000000008013060        0x8 ./Drivers/STM32H7xx_HAL_Driver/Src/stm32h7xx_hal_uart_ex.o
 .rodata._vfprintf_r.str1.1
                0x0000000008013068       0x11 C:/ST/STM32CubeIDE_1.6.1/STM32CubeIDE/plugins/com.st.stm32cube.ide.mcu.externaltools.gnu-tools-for-stm32.11.3.rel1.win32_1.1.0.202305231506/tools/bin/../lib/gcc/arm-none-eabi/11.3.1/../../../../arm-none-eabi/lib/thumb/v7e-m+dp/hard\libc_nano.a(libc_a-nano-vfprintf.o)
 .rodata._printf_i.str1.1
                0x0000000008013079       0x22 C:/ST/STM32CubeIDE_1.6.1/STM32CubeIDE/plugins/com.st.stm32cube.ide.mcu.externaltools.gnu-tools-for-stm32.11.3.rel1.win32_1.1.0.202305231506/tools/bin/../lib/gcc/arm-none-eabi/11.3.1/../../../../arm-none-eabi/lib/thumb/v7e-m+dp/hard\libc_nano.a(libc_a-nano-vfprintf_i.o)
                0x000000000801309c                . = ALIGN (0x4)
 *fill*         0x000000000801309b        0x1 

.ARM.extab
 *(.ARM.extab* .gnu.linkonce.armextab.*)

.ARM            0x000000000801309c        0x8
                0x000000000801309c                __exidx_start = .
 *(.ARM.exidx*)
 .ARM.exidx     0x000000000801309c        0x8 C:/ST/STM32CubeIDE_1.6.1/STM32CubeIDE/plugins/com.st.stm32cube.ide.mcu.externaltools.gnu-tools-for-stm32.11.3.rel1.win32_1.1.0.202305231506/tools/bin/../lib/gcc/arm-none-eabi/11.3.1/thumb/v7e-m+dp/hard\libgcc.a(_udivmoddi4.o)
                0x00000000080130a4                __exidx_end = .

.rel.dyn        0x00000000080130a4        0x0
 .rel.iplt      0x00000000080130a4        0x0 C:/ST/STM32CubeIDE_1.6.1/STM32CubeIDE/plugins/com.st.stm32cube.ide.mcu.externaltools.gnu-tools-for-stm32.11.3.rel1.win32_1.1.0.202305231506/tools/bin/../lib/gcc/arm-none-eabi/11.3.1/thumb/v7e-m+dp/hard/crtbegin.o

.preinit_array  0x00000000080130a4        0x0
                0x00000000080130a4                PROVIDE (__preinit_array_start = .)
 *(.preinit_array*)
                0x00000000080130a4                PROVIDE (__preinit_array_end = .)

.init_array     0x00000000080130a4        0x4
                0x00000000080130a4                PROVIDE (__init_array_start = .)
 *(SORT_BY_NAME(.init_array.*))
 *(.init_array*)
 .init_array    0x00000000080130a4        0x4 C:/ST/STM32CubeIDE_1.6.1/STM32CubeIDE/plugins/com.st.stm32cube.ide.mcu.externaltools.gnu-tools-for-stm32.11.3.rel1.win32_1.1.0.202305231506/tools/bin/../lib/gcc/arm-none-eabi/11.3.1/thumb/v7e-m+dp/hard/crtbegin.o
                0x00000000080130a8                PROVIDE (__init_array_end = .)

.fini_array     0x00000000080130a8        0x4
                [!provide]                        PROVIDE (__fini_array_start = .)
 *(SORT_BY_NAME(.fini_array.*))
 *(.fini_array*)
 .fini_array    0x00000000080130a8        0x4 C:/ST/STM32CubeIDE_1.6.1/STM32CubeIDE/plugins/com.st.stm32cube.ide.mcu.externaltools.gnu-tools-for-stm32.11.3.rel1.win32_1.1.0.202305231506/tools/bin/../lib/gcc/arm-none-eabi/11.3.1/thumb/v7e-m+dp/hard/crtbegin.o
                [!provide]                        PROVIDE (__fini_array_end = .)
                0x00000000080130ac                _sidata = LOADADDR (.data)

.data           0x0000000024000000      0x11c load address 0x00000000080130ac
                0x0000000024000000                . = ALIGN (0x4)
                0x0000000024000000                _sdata = .
 *(.data)
 *(.data*)
 .data.gWIZNETINFO
                0x0000000024000000       0x67 ./Core/Src/main.o
                0x0000000024000000                gWIZNETINFO
 *fill*         0x0000000024000067        0x1 
 .data.WIZ_Dest_IP
                0x0000000024000068        0x4 ./Core/Src/main.o
                0x0000000024000068                WIZ_Dest_IP
 .data.WIZ_Dest_PORT
                0x000000002400006c        0x2 ./Core/Src/main.o
                0x000000002400006c                WIZ_Dest_PORT
 *fill*         0x000000002400006e        0x2 
 .data.SystemCoreClock
                0x0000000024000070        0x4 ./Core/Src/system_stm32h7xx.o
                0x0000000024000070                SystemCoreClock
 .data.SystemD2Clock
                0x0000000024000074        0x4 ./Core/Src/system_stm32h7xx.o
                0x0000000024000074                SystemD2Clock
 .data.uwTickPrio
                0x0000000024000078        0x4 ./Drivers/STM32H7xx_HAL_Driver/Src/stm32h7xx_hal.o
                0x0000000024000078                uwTickPrio
 .data.uwTickFreq
                0x000000002400007c        0x1 ./Drivers/STM32H7xx_HAL_Driver/Src/stm32h7xx_hal.o
                0x000000002400007c                uwTickFreq
 *fill*         0x000000002400007d        0x3 
 .data.uxCriticalNesting
                0x0000000024000080        0x4 ./Middlewares/Third_Party/FreeRTOS/Source/portable/GCC/ARM_CM4F/port.o
 .data.any_port
                0x0000000024000084        0x2 ./io6Library/Application/loopback/loopback.o
 *fill*         0x0000000024000086        0x2 
 .data.msg_v4   0x0000000024000088        0x4 ./io6Library/Application/loopback/loopback.o
                0x0000000024000088                msg_v4
 .data.msg_v6   0x000000002400008c        0x4 ./io6Library/Application/loopback/loopback.o
                0x000000002400008c                msg_v6
 .data.msg_dual
                0x0000000024000090        0x4 ./io6Library/Application/loopback/loopback.o
                0x0000000024000090                msg_dual
 .data.sock_any_port
                0x0000000024000094        0x2 ./io6Library/Ethernet/socket.o
 *fill*         0x0000000024000096        0x2 
 .data.WIZCHIP  0x0000000024000098       0x28 ./io6Library/Ethernet/wizchip_conf.o
                0x0000000024000098                WIZCHIP