../Core/Src/main.c:158:6:HAL_UART_RxCpltCallback	16	static
../Core/Src/main.c:198:6:HAL_SPI_TxRxCpltCallback	16	static
../Core/Src/main.c:203:6:HAL_SPI_TxCpltCallback	16	static
../Core/Src/main.c:253:9:dma_write_data	24	static
../Core/Src/main.c:293:9:dma_read_data	32	static
../Core/Src/main.c:336:9:check_break	16	static
../Core/Src/main.c:348:6:end_sig	8	static
../Core/Src/main.c:353:6:TRACE_ON	8	static
../Core/Src/main.c:357:6:TRACE_OFF	8	static
../Core/Src/main.c:373:5:main	64	static,ignoring_inline_asm
../Core/Src/main.c:508:6:SystemClock_Config	120	static
../Core/Src/main.c:572:13:MX_SPI1_Init	8	static
../Core/Src/main.c:620:13:MX_USART3_UART_Init	8	static
../Core/Src/main.c:666:13:MX_DMA_Init	16	static
../Core/Src/main.c:687:13:MX_GPIO_Init	56	static
../Core/Src/main.c:793:9:W6100SpiReadByte	24	static
../Core/Src/main.c:803:6:W6100SpiWriteByte	32	static
../Core/Src/main.c:819:6:W6100SpiReadBurst	16024	static
../Core/Src/main.c:825:6:W6100SpiWriteBurst	16024	static
../Core/Src/main.c:830:6:W6100CsEnable	8	static
../Core/Src/main.c:835:6:W6100CsDisable	8	static
../Core/Src/main.c:840:6:W6100Initialze	40	static
../Core/Src/main.c:886:6:print_network_information	104	static
../Core/Src/main.c:921:6:StartDefaultTask	16	static
../Core/Src/main.c:941:6:StartCoreMark	16	static
../Core/Src/main.c:956:6:MPU_Config	24	static
../Core/Src/main.c:991:6:HAL_TIM_PeriodElapsedCallback	16	static
../Core/Src/main.c:1008:6:Error_Handler	4	static,ignoring_inline_asm
