../Core/Src/main.c:126:20:wizchip_select	1
../Core/Src/main.c:131:20:wizchip_deselect	1
../Core/Src/main.c:136:6:wizchip_reset	1
../Core/Src/main.c:141:16:wizchip_read	3
../Core/Src/main.c:153:13:wizchip_write	3
../Core/Src/main.c:183:13:wizchip_read_burst	3
../Core/Src/main.c:192:13:wizchip_write_burst	3
../Core/Src/main.c:202:13:wizchip_critical_section_lock	1
../Core/Src/main.c:207:13:wizchip_critical_section_unlock	1
../Core/Src/main.c:212:6:wizchip_spi_initialize	1
../Core/Src/main.c:217:6:wizchip_cris_initialize	1
../Core/Src/main.c:222:6:wizchip_initialize	2
../Core/Src/main.c:269:6:wizchip_check	2
../Core/Src/main.c:303:6:network_initialize	1
../Core/Src/main.c:310:6:print_network_information	1
../Core/Src/main.c:335:6:print_ipv6_addr	1
../Core/Src/main.c:350:5:main	2
../Core/Src/main.c:461:6:SystemClock_Config	4
../Core/Src/main.c:521:13:MX_SPI1_Init	2
../Core/Src/main.c:569:13:MX_USART3_UART_Init	5
../Core/Src/main.c:615:13:MX_DMA_Init	1
../Core/Src/main.c:636:13:MX_GPIO_Init	1
C:\ST\STM32CubeIDE_1.6.1\STM32CubeIDE\plugins\com.st.stm32cube.ide.mcu.externaltools.gnu-tools-for-stm32.11.3.rel1.win32_1.1.1.202309131626\tools\bin/../lib/gcc/arm-none-eabi/11.3.1/../../../../arm-none-eabi/include/stdio.h:224:5:fputc	1
../Core/Src/main.c:768:6:StartDefaultTask	6
../Core/Src/main.c:809:6:StartCoreMark	1
../Core/Src/main.c:830:6:HAL_TIM_PeriodElapsedCallback	2
../Core/Src/main.c:847:6:Error_Handler	1
