../Core/Src/main.c:149:6:_write	2
../Core/Src/main.c:159:6:HAL_UART_RxCpltCallback	4
../Core/Src/main.c:199:6:HAL_SPI_TxRxCpltCallback	1
../Core/Src/main.c:204:6:HAL_SPI_TxCpltCallback	1
../Core/Src/main.c:254:9:dma_write_data	2
../Core/Src/main.c:294:9:dma_read_data	2
../Core/Src/main.c:337:9:check_break	3
../Core/Src/main.c:349:6:end_sig	1
../Core/Src/main.c:354:6:TRACE_ON	1
../Core/Src/main.c:358:6:TRACE_OFF	1
../Core/Src/main.c:375:5:main	2
../Core/Src/main.c:536:6:SystemClock_Config	4
../Core/Src/main.c:596:13:MX_SPI1_Init	2
../Core/Src/main.c:644:13:MX_USART3_UART_Init	5
../Core/Src/main.c:690:13:MX_DMA_Init	1
../Core/Src/main.c:711:13:MX_GPIO_Init	1
../Core/Src/main.c:820:9:W6100SpiReadByte	1
../Core/Src/main.c:830:6:W6100SpiWriteByte	1
../Core/Src/main.c:846:6:W6100SpiReadBurst	1
../Core/Src/main.c:852:6:W6100SpiWriteBurst	1
../Core/Src/main.c:857:6:W6100CsEnable	1
../Core/Src/main.c:862:6:W6100CsDisable	1
../Core/Src/main.c:867:6:W6100Initialze	5
../Core/Src/main.c:913:6:print_network_information	1
../Core/Src/main.c:939:6:print_help_menu	1
../Core/Src/main.c:943:10:CLI_Process	6
../Core/Src/main.c:979:6:Start_W6100_Task	8
../Core/Src/main.c:1037:6:StartDefaultTask	2
../Core/Src/main.c:1069:6:HAL_TIM_PeriodElapsedCallback	2
../Core/Src/main.c:1086:6:Error_Handler	1
