../Core/Src/main.c:149:6:_write	32	static
../Core/Src/main.c:159:6:HAL_UART_RxCpltCallback	16	static
../Core/Src/main.c:199:6:HAL_SPI_TxRxCpltCallback	16	static
../Core/Src/main.c:204:6:HAL_SPI_TxCpltCallback	16	static
../Core/Src/main.c:254:9:dma_write_data	24	static
../Core/Src/main.c:294:9:dma_read_data	24	static
../Core/Src/main.c:337:9:check_break	16	static
../Core/Src/main.c:349:6:end_sig	8	static
../Core/Src/main.c:354:6:TRACE_ON	8	static
../Core/Src/main.c:358:6:TRACE_OFF	8	static
../Core/Src/main.c:375:5:main	32	static
../Core/Src/main.c:536:6:SystemClock_Config	120	static
../Core/Src/main.c:596:13:MX_SPI1_Init	8	static
../Core/Src/main.c:644:13:MX_USART3_UART_Init	8	static
../Core/Src/main.c:690:13:MX_DMA_Init	16	static
../Core/Src/main.c:711:13:MX_GPIO_Init	56	static
../Core/Src/main.c:820:9:W6100SpiReadByte	24	static
../Core/Src/main.c:830:6:W6100SpiWriteByte	32	static
../Core/Src/main.c:846:6:W6100SpiReadBurst	16024	static
../Core/Src/main.c:852:6:W6100SpiWriteBurst	16024	static
../Core/Src/main.c:857:6:W6100CsEnable	8	static
../Core/Src/main.c:862:6:W6100CsDisable	8	static
../Core/Src/main.c:867:6:W6100Initialze	40	static
../Core/Src/main.c:913:6:print_network_information	104	static
../Core/Src/main.c:939:6:print_help_menu	8	static
../Core/Src/main.c:943:10:CLI_Process	16	static
../Core/Src/main.c:979:6:Start_W6100_Task	56	static
../Core/Src/main.c:1037:6:StartDefaultTask	24	static
../Core/Src/main.c:1069:6:HAL_TIM_PeriodElapsedCallback	16	static
../Core/Src/main.c:1086:6:Error_Handler	4	static,ignoring_inline_asm
