D:/wiznet/Workspace_Code/10_W6100/STM32H7_MAC_W6100_comparative_test/STM32H723_W6100_Test/io6Library/Internet/DHCP4/dhcpv4.c:257:6:default_ipv4_assign	8	static
D:/wiznet/Workspace_Code/10_W6100/STM32H7_MAC_W6100_comparative_test/STM32H723_W6100_Test/io6Library/Internet/DHCP4/dhcpv4.c:265:6:default_ipv4_update	8	static
D:/wiznet/Workspace_Code/10_W6100/STM32H7_MAC_W6100_comparative_test/STM32H723_W6100_Test/io6Library/Internet/DHCP4/dhcpv4.c:275:6:default_ipv4_conflict	8	static
D:/wiznet/Workspace_Code/10_W6100/STM32H7_MAC_W6100_comparative_test/STM32H723_W6100_Test/io6Library/Internet/DHCP4/dhcpv4.c:284:6:reg_dhcpv4_cbfunc	24	static
D:/wiznet/Workspace_Code/10_W6100/STM32H7_MAC_W6100_comparative_test/STM32H723_W6100_Test/io6Library/Internet/DHCP4/dhcpv4.c:295:6:makeDHCPV4MSG	24	static
D:/wiznet/Workspace_Code/10_W6100/STM32H7_MAC_W6100_comparative_test/STM32H723_W6100_Test/io6Library/Internet/DHCP4/dhcpv4.c:354:6:send_DHCPv4_DISCOVER	32	static
D:/wiznet/Workspace_Code/10_W6100/STM32H7_MAC_W6100_comparative_test/STM32H723_W6100_Test/io6Library/Internet/DHCP4/dhcpv4.c:427:6:send_DHCPv4_REQUEST	40	static
D:/wiznet/Workspace_Code/10_W6100/STM32H7_MAC_W6100_comparative_test/STM32H723_W6100_Test/io6Library/Internet/DHCP4/dhcpv4.c:526:6:send_DHCPv4_DECLINE	32	static
D:/wiznet/Workspace_Code/10_W6100/STM32H7_MAC_W6100_comparative_test/STM32H723_W6100_Test/io6Library/Internet/DHCP4/dhcpv4.c:586:8:parseDHCPv4MSG	48	static
D:/wiznet/Workspace_Code/10_W6100/STM32H7_MAC_W6100_comparative_test/STM32H723_W6100_Test/io6Library/Internet/DHCP4/dhcpv4.c:707:9:DHCPv4_run	16	static
D:/wiznet/Workspace_Code/10_W6100/STM32H7_MAC_W6100_comparative_test/STM32H723_W6100_Test/io6Library/Internet/DHCP4/dhcpv4.c:838:9:DHCPv4_stop	8	static
D:/wiznet/Workspace_Code/10_W6100/STM32H7_MAC_W6100_comparative_test/STM32H723_W6100_Test/io6Library/Internet/DHCP4/dhcpv4.c:844:9:check_DHCPv4_timeout	16	static
D:/wiznet/Workspace_Code/10_W6100/STM32H7_MAC_W6100_comparative_test/STM32H723_W6100_Test/io6Library/Internet/DHCP4/dhcpv4.c:897:8:check_DHCPv4_leasedIP	24	static
D:/wiznet/Workspace_Code/10_W6100/STM32H7_MAC_W6100_comparative_test/STM32H723_W6100_Test/io6Library/Internet/DHCP4/dhcpv4.c:932:6:DHCPv4_init	24	static
D:/wiznet/Workspace_Code/10_W6100/STM32H7_MAC_W6100_comparative_test/STM32H723_W6100_Test/io6Library/Internet/DHCP4/dhcpv4.c:962:6:reset_DHCPv4_timeout	4	static
D:/wiznet/Workspace_Code/10_W6100/STM32H7_MAC_W6100_comparative_test/STM32H723_W6100_Test/io6Library/Internet/DHCP4/dhcpv4.c:969:6:DHCPv4_time_handler	4	static
D:/wiznet/Workspace_Code/10_W6100/STM32H7_MAC_W6100_comparative_test/STM32H723_W6100_Test/io6Library/Internet/DHCP4/dhcpv4.c:974:6:getIPfromDHCPv4	16	static
D:/wiznet/Workspace_Code/10_W6100/STM32H7_MAC_W6100_comparative_test/STM32H723_W6100_Test/io6Library/Internet/DHCP4/dhcpv4.c:982:6:getGWfromDHCPv4	16	static
D:/wiznet/Workspace_Code/10_W6100/STM32H7_MAC_W6100_comparative_test/STM32H723_W6100_Test/io6Library/Internet/DHCP4/dhcpv4.c:990:6:getSNfromDHCPv4	16	static
D:/wiznet/Workspace_Code/10_W6100/STM32H7_MAC_W6100_comparative_test/STM32H723_W6100_Test/io6Library/Internet/DHCP4/dhcpv4.c:998:6:getDNSfromDHCPv4	16	static
D:/wiznet/Workspace_Code/10_W6100/STM32H7_MAC_W6100_comparative_test/STM32H723_W6100_Test/io6Library/Internet/DHCP4/dhcpv4.c:1006:10:getDHCPv4Leasetime	4	static
D:/wiznet/Workspace_Code/10_W6100/STM32H7_MAC_W6100_comparative_test/STM32H723_W6100_Test/io6Library/Internet/DHCP4/dhcpv4.c:1011:6:NibbleToHex	16	static
