D:/wiznet/05_WorkSpace/04_w6100/03_STMh723_W6100_Test/Nucleo-H723_CoreMark_test/io6Library/Ethernet/socket.c:101:8:socket	64	static
D:/wiznet/05_WorkSpace/04_w6100/03_STMh723_W6100_Test/Nucleo-H723_CoreMark_test/io6Library/Ethernet/socket.c:186:8:close	16	static
D:/wiznet/05_WorkSpace/04_w6100/03_STMh723_W6100_Test/Nucleo-H723_CoreMark_test/io6Library/Ethernet/socket.c:204:8:listen	16	static
D:/wiznet/05_WorkSpace/04_w6100/03_STMh723_W6100_Test/Nucleo-H723_CoreMark_test/io6Library/Ethernet/socket.c:219:8:connect	24	static
D:/wiznet/05_WorkSpace/04_w6100/03_STMh723_W6100_Test/Nucleo-H723_CoreMark_test/io6Library/Ethernet/socket.c:266:8:disconnect	16	static
D:/wiznet/05_WorkSpace/04_w6100/03_STMh723_W6100_Test/Nucleo-H723_CoreMark_test/io6Library/Ethernet/socket.c:289:12:send	24	static
D:/wiznet/05_WorkSpace/04_w6100/03_STMh723_W6100_Test/Nucleo-H723_CoreMark_test/io6Library/Ethernet/socket.c:337:12:send_t	24	static
D:/wiznet/05_WorkSpace/04_w6100/03_STMh723_W6100_Test/Nucleo-H723_CoreMark_test/io6Library/Ethernet/socket.c:372:12:send_t2	24	static
D:/wiznet/05_WorkSpace/04_w6100/03_STMh723_W6100_Test/Nucleo-H723_CoreMark_test/io6Library/Ethernet/socket.c:410:12:recv	24	static
D:/wiznet/05_WorkSpace/04_w6100/03_STMh723_W6100_Test/Nucleo-H723_CoreMark_test/io6Library/Ethernet/socket.c:444:12:sendto	32	static
D:/wiznet/05_WorkSpace/04_w6100/03_STMh723_W6100_Test/Nucleo-H723_CoreMark_test/io6Library/Ethernet/socket.c:513:12:recvfrom	32	static
D:/wiznet/05_WorkSpace/04_w6100/03_STMh723_W6100_Test/Nucleo-H723_CoreMark_test/io6Library/Ethernet/socket.c:600:8:ctlsocket	24	static
D:/wiznet/05_WorkSpace/04_w6100/03_STMh723_W6100_Test/Nucleo-H723_CoreMark_test/io6Library/Ethernet/socket.c:648:8:setsockopt	16	static
D:/wiznet/05_WorkSpace/04_w6100/03_STMh723_W6100_Test/Nucleo-H723_CoreMark_test/io6Library/Ethernet/socket.c:692:8:getsockopt	24	static
D:/wiznet/05_WorkSpace/04_w6100/03_STMh723_W6100_Test/Nucleo-H723_CoreMark_test/io6Library/Ethernet/socket.c:761:9:peeksockmsg	32	static
