../Core/Src/main.c:81:6:_write	32	static
../Core/Src/main.c:94:6:HAL_UART_RxCpltCallback	16	static
../Core/Src/main.c:140:5:main	24	static,ignoring_inline_asm
../Core/Src/main.c:228:6:SystemClock_Config	120	static
../Core/Src/main.c:288:13:MX_USART3_UART_Init	8	static
../Core/Src/main.c:336:13:MX_GPIO_Init	56	static
../Core/Src/main.c:407:6:StartDefaultTask	24	static
../Core/Src/main.c:437:6:MPU_Config	24	static
../Core/Src/main.c:495:6:HAL_TIM_PeriodElapsedCallback	16	static
../Core/Src/main.c:512:6:Error_Handler	4	static,ignoring_inline_asm
